Component: ARM Compiler 5.06 update 1 (build 61) Tool: armlink [4d35a8]

==============================================================================

Section Cross References

    main.o(.text) refers to arm_abs_f32.o(.text) for arm_abs_f32
    main.o(.text) refers to arm_dot_prod_f32.o(.text) for arm_dot_prod_f32
    main.o(.text) refers to arm_sub_f32.o(.text) for arm_sub_f32
    main.o(.text) refers to arm_var_f32.o(.text) for arm_var_f32
    main.o(.text) refers to sysctl.o(i.SysCtlPeripheralEnable) for SysCtlPeripheralEnable
    main.o(.text) refers to gpio.o(i.GPIOPinConfigure) for GPIOPinConfigure
    main.o(.text) refers to gpio.o(i.GPIOPinTypeUART) for GPIOPinTypeUART
    main.o(.text) refers to uart.o(i.UARTConfigSetExpClk) for UARTConfigSetExpClk
    main.o(.text) refers to interrupt.o(i.IntEnable) for IntEnable
    main.o(.text) refers to uart.o(i.UARTIntEnable) for UARTIntEnable
    main.o(.text) refers to adc.o(i.ADCHardwareOversampleConfigure) for ADCHardwareOversampleConfigure
    main.o(.text) refers to adc.o(i.ADCSequenceDisable) for ADCSequenceDisable
    main.o(.text) refers to adc.o(i.ADCSequenceConfigure) for ADCSequenceConfigure
    main.o(.text) refers to adc.o(i.ADCSequenceStepConfigure) for ADCSequenceStepConfigure
    main.o(.text) refers to adc.o(i.ADCSequenceEnable) for ADCSequenceEnable
    main.o(.text) refers to timer.o(i.TimerConfigure) for TimerConfigure
    main.o(.text) refers to timer.o(i.TimerLoadSet) for TimerLoadSet
    main.o(.text) refers to timer.o(i.TimerIntEnable) for TimerIntEnable
    main.o(.text) refers to main.o(.data) for thumbp
    main.o(.text) refers to main.o(.bss) for samples_minus_one
    main.o(.text) refers to timer.o(i.TimerEnable) for TimerEnable
    main.o(.text) refers to pwm.o(i.PWMClockSet) for PWMClockSet
    main.o(.text) refers to gpio.o(i.GPIOPinTypePWM) for GPIOPinTypePWM
    main.o(.text) refers to pwm.o(i.PWMGenConfigure) for PWMGenConfigure
    main.o(.text) refers to pwm.o(i.PWMGenPeriodSet) for PWMGenPeriodSet
    main.o(.text) refers to pwm.o(i.PWMPulseWidthSet) for PWMPulseWidthSet
    main.o(.text) refers to pwm.o(i.PWMGenEnable) for PWMGenEnable
    main.o(.text) refers to pwm.o(i.PWMOutputState) for PWMOutputState
    main.o(.text) refers to gpio.o(i.GPIOPinTypeGPIOOutput) for GPIOPinTypeGPIOOutput
    main.o(.text) refers to gpio.o(i.GPIOPinTypeGPIOInput) for GPIOPinTypeGPIOInput
    main.o(.text) refers to gpio.o(i.GPIOPadConfigSet) for GPIOPadConfigSet
    main.o(.text) refers to gpio.o(i.GPIOPinWrite) for GPIOPinWrite
    main.o(.text) refers to gpio.o(i.GPIOIntTypeSet) for GPIOIntTypeSet
    main.o(.text) refers to gpio.o(i.GPIOIntEnable) for GPIOIntEnable
    main.o(.text) refers to fpu.o(i.FPULazyStackingEnable) for FPULazyStackingEnable
    main.o(.text) refers to fpu.o(i.FPUEnable) for FPUEnable
    main.o(.text) refers to sysctl.o(i.SysCtlClockFreqSet) for SysCtlClockFreqSet
    main.o(.text) refers to kentec320x240x16_ssd2119_8bit.o(.text) for Kentec320x240x16_SSD2119Init
    main.o(.text) refers to touch.o(.text) for TouchScreenInit
    main.o(.text) refers to widget.o(i.WidgetAdd) for WidgetAdd
    main.o(.text) refers to widget.o(i.WidgetMessageQueueAdd) for WidgetMessageQueueAdd
    main.o(.text) refers to interrupt.o(i.IntMasterEnable) for IntMasterEnable
    main.o(.text) refers to arm_fill_f32.o(.text) for arm_fill_f32
    main.o(.text) refers to uart.o(i.UARTCharPut) for UARTCharPut
    main.o(.text) refers to widget.o(i.WidgetMessageQueueProcess) for WidgetMessageQueueProcess
    main.o(.text) refers to arm_conv_f32.o(.text) for arm_conv_f32
    main.o(.text) refers to arm_rms_f32.o(.text) for arm_rms_f32
    main.o(.text) refers to widget.o(i.WidgetPointerMessage) for WidgetPointerMessage
    main.o(.text) refers to widget.o(.data) for g_sRoot
    main.o(.text) refers to rt_memcpy_w.o(.text) for __aeabi_memcpy4
    main.o(.text) refers to neuralnetworkfunction.o(.text) for NeuralNetworkFunction
    main.o(.text) refers to arm_max_f32.o(.text) for arm_max_f32
    main.o(.text) refers to ustdlib.o(.text) for usprintf
    main.o(.text) refers to widget.o(i.WidgetRemove) for WidgetRemove
    main.o(.text) refers to strlen.o(.text) for strlen
    main.o(.text) refers to gpio.o(i.GPIOIntStatus) for GPIOIntStatus
    main.o(.text) refers to gpio.o(i.GPIOPinRead) for GPIOPinRead
    main.o(.text) refers to sysctl.o(.emb_text) for SysCtlDelay
    main.o(.text) refers to gpio.o(i.GPIOIntClear) for GPIOIntClear
    main.o(.text) refers to timer.o(i.TimerIntClear) for TimerIntClear
    main.o(.text) refers to adc.o(i.ADCIntClear) for ADCIntClear
    main.o(.text) refers to adc.o(i.ADCProcessorTrigger) for ADCProcessorTrigger
    main.o(.text) refers to adc.o(i.ADCIntStatus) for ADCIntStatus
    main.o(.text) refers to adc.o(i.ADCSequenceDataGet) for ADCSequenceDataGet
    main.o(.text) refers to uart.o(i.UARTIntStatus) for UARTIntStatus
    main.o(.text) refers to uart.o(i.UARTIntClear) for UARTIntClear
[...]
    i.PWMPulseWidthSet                       0x00005a28   Section        0  pwm.o(i.PWMPulseWidthSet)
    i.PixelTransparentDraw                   0x00005a48   Section        0  image.o(i.PixelTransparentDraw)
    PixelTransparentDraw                     0x00005a49   Thumb Code   662  image.o(i.PixelTransparentDraw)
    i.RectangularButtonMsgProc               0x00005cde   Section        0  pushbutton.o(i.RectangularButtonMsgProc)
    i.RectangularButtonPaint                 0x00005e10   Section        0  pushbutton.o(i.RectangularButtonPaint)
    RectangularButtonPaint                   0x00005e11   Thumb Code   418  pushbutton.o(i.RectangularButtonPaint)
    i.SysCtlClockFreqSet                     0x00005fb4   Section        0  sysctl.o(i.SysCtlClockFreqSet)
    i.SysCtlGPIOAHBEnable                    0x0000627c   Section        0  sysctl.o(i.SysCtlGPIOAHBEnable)
    i.SysCtlPeripheralEnable                 0x00006294   Section        0  sysctl.o(i.SysCtlPeripheralEnable)
    i.TimerConfigure                         0x000062bc   Section        0  timer.o(i.TimerConfigure)
    i.TimerControlTrigger                    0x0000631c   Section        0  timer.o(i.TimerControlTrigger)
    i.TimerEnable                            0x00006368   Section        0  timer.o(i.TimerEnable)
    i.TimerIntClear                          0x00006376   Section        0  timer.o(i.TimerIntClear)
    i.TimerIntEnable                         0x0000637a   Section        0  timer.o(i.TimerIntEnable)
    i.TimerLoadSet                           0x00006382   Section        0  timer.o(i.TimerLoadSet)
    i.UARTCharGetNonBlocking                 0x00006394   Section        0  uart.o(i.UARTCharGetNonBlocking)
    i.UARTCharPut                            0x000063a4   Section        0  uart.o(i.UARTCharPut)
    i.UARTCharsAvail                         0x000063b0   Section        0  uart.o(i.UARTCharsAvail)
    i.UARTConfigSetExpClk                    0x000063ba   Section        0  uart.o(i.UARTConfigSetExpClk)
    i.UARTIntClear                           0x00006428   Section        0  uart.o(i.UARTIntClear)
    i.UARTIntEnable                          0x0000642c   Section        0  uart.o(i.UARTIntEnable)
    i.UARTIntStatus                          0x00006434   Section        0  uart.o(i.UARTIntStatus)
    i.UpdateContextCharMapping               0x0000643e   Section        0  string.o(i.UpdateContextCharMapping)
    UpdateContextCharMapping                 0x0000643f   Thumb Code   108  string.o(i.UpdateContextCharMapping)
    i.WidgetAdd                              0x000064aa   Section        0  widget.o(i.WidgetAdd)
    i.WidgetDefaultMsgProc                   0x000064d0   Section        0  widget.o(i.WidgetDefaultMsgProc)
    i.WidgetMessageQueueAdd                  0x000064d4   Section        0  widget.o(i.WidgetMessageQueueAdd)
    i.WidgetMessageQueueProcess              0x000065b0   Section        0  widget.o(i.WidgetMessageQueueProcess)
    i.WidgetMessageSendPostOrder             0x00006660   Section        0  widget.o(i.WidgetMessageSendPostOrder)
    i.WidgetPointerMessage                   0x00006738   Section        0  widget.o(i.WidgetPointerMessage)
    i.WidgetRemove                           0x00006758   Section        0  widget.o(i.WidgetRemove)
    i.__ARM_fpclassify                       0x000067f4   Section        0  fpclassify.o(i.__ARM_fpclassify)
    i.__hardfp_exp                           0x00006828   Section        0  exp.o(i.__hardfp_exp)
    i.__kernel_poly                          0x00006b80   Section        0  poly.o(i.__kernel_poly)
    i.__mathlib_dbl_infnan                   0x00006c78   Section        0  dunder.o(i.__mathlib_dbl_infnan)
    i.__mathlib_dbl_overflow                 0x00006c90   Section        0  dunder.o(i.__mathlib_dbl_overflow)
    i.__mathlib_dbl_underflow                0x00006cb0   Section        0  dunder.o(i.__mathlib_dbl_underflow)
    x$fpl$d2f                                0x00006cd0   Section      708  d2f_clz.o(x$fpl$d2f)
    $v0                                      0x00006cd0   Number         0  d2f_clz.o(x$fpl$d2f)
    x$fpl$dadd                               0x00006f94   Section      588  daddsub_clz.o(x$fpl$dadd)
    $v0                                      0x00006f94   Number         0  daddsub_clz.o(x$fpl$dadd)
    _dadd1                                   0x00006fbf   Thumb Code     0  daddsub_clz.o(x$fpl$dadd)
    dadd_zerodenorm                          0x0000715f   Thumb Code     0  daddsub_clz.o(x$fpl$dadd)
    x$fpl$dcmpinf                            0x000071e0   Section       24  dcmpi.o(x$fpl$dcmpinf)
    $v0                                      0x000071e0   Number         0  dcmpi.o(x$fpl$dcmpinf)
    x$fpl$ddiv                               0x000071f8   Section      892  ddiv_clz.o(x$fpl$ddiv)
    $v0                                      0x000071f8   Number         0  ddiv_clz.o(x$fpl$ddiv)
    ddiv_entry                               0x000071ff   Thumb Code     0  ddiv_clz.o(x$fpl$ddiv)
    x$fpl$deqf                               0x00007574   Section      116  deqf.o(x$fpl$deqf)
    $v0                                      0x00007574   Number         0  deqf.o(x$fpl$deqf)
    x$fpl$dfix                               0x000075e8   Section      200  dfix.o(x$fpl$dfix)
    $v0                                      0x000075e8   Number         0  dfix.o(x$fpl$dfix)
    x$fpl$dflt                               0x000076b0   Section       46  dflt_clz.o(x$fpl$dflt)
    $v0                                      0x000076b0   Number         0  dflt_clz.o(x$fpl$dflt)
    x$fpl$dfltn                              0x000076de   Section       26  dflt_clz.o(x$fpl$dfltn)
    $v0                                      0x000076de   Number         0  dflt_clz.o(x$fpl$dfltn)
    x$fpl$dleqf                              0x000076f8   Section      120  dleqf.o(x$fpl$dleqf)
    $v0                                      0x000076f8   Number         0  dleqf.o(x$fpl$dleqf)
    x$fpl$dmul                               0x00007770   Section      448  dmul_clz.o(x$fpl$dmul)
    $v0                                      0x00007770   Number         0  dmul_clz.o(x$fpl$dmul)
    x$fpl$dnaninf                            0x00007930   Section      258  dnaninf.o(x$fpl$dnaninf)
    $v0                                      0x00007930   Number         0  dnaninf.o(x$fpl$dnaninf)
    x$fpl$drenorm                            0x00007a32   Section      112  drenorm_clz.o(x$fpl$drenorm)
    $v0                                      0x00007a32   Number         0  drenorm_clz.o(x$fpl$drenorm)
    x$fpl$dretinf                            0x00007aa2   Section       12  dretinf.o(x$fpl$dretinf)
    $v0                                      0x00007aa2   Number         0  dretinf.o(x$fpl$dretinf)
    x$fpl$drleqf                             0x00007aae   Section       98  drleqf.o(x$fpl$drleqf)
    $v0                                      0x00007aae   Number         0  drleqf.o(x$fpl$drleqf)
    x$fpl$drsb                               0x00007b10   Section       80  daddsub_clz.o(x$fpl$drsb)
    $v0                                      0x00007b10   Number         0  daddsub_clz.o(x$fpl$drsb)
    x$fpl$dsub                               0x00007b60   Section      668  daddsub_clz.o(x$fpl$dsub)
    $v0                                      0x00007b60   Number         0  daddsub_clz.o(x$fpl$dsub)
    _dsub1                                   0x00007b8b   Thumb Code     0  daddsub_clz.o(x$fpl$dsub)
    daddsub_denorm                           0x00007d4f   Thumb Code     0  daddsub_clz.o(x$fpl$dsub)
    dsub_uncommon_first                      0x00007d63   Thumb Code     0  daddsub_clz.o(x$fpl$dsub)
    dsub_zerodenorm                          0x00007d81   Thumb Code     0  daddsub_clz.o(x$fpl$dsub)
    x$fpl$dunder                             0x00007dfc   Section      378  dunder_clz.o(x$fpl$dunder)
    $v0                                      0x00007dfc   Number         0  dunder_clz.o(x$fpl$dunder)
    x$fpl$exception                          0x00007f78   Section      492  except.o(x$fpl$exception)
    $v0                                      0x00007f78   Number         0  except.o(x$fpl$exception)
    x$fpl$f2d                                0x00008164   Section      122  f2d.o(x$fpl$f2d)
    $v0                                      0x00008164   Number         0  f2d.o(x$fpl$f2d)
    x$fpl$fnaninf                            0x000081de   Section      242  fnaninf.o(x$fpl$fnaninf)
    $v0                                      0x000081de   Number         0  fnaninf.o(x$fpl$fnaninf)
    x$fpl$fpinit                             0x000082d0   Section       10  fpinit.o(x$fpl$fpinit)
    $v0                                      0x000082d0   Number         0  fpinit.o(x$fpl$fpinit)
    x$fpl$fretinf                            0x000082da   Section       10  fretinf.o(x$fpl$fretinf)
    $v0                                      0x000082da   Number         0  fretinf.o(x$fpl$fretinf)
    x$fpl$funder                             0x000082e4   Section      316  funder_clz.o(x$fpl$funder)
    $v0                                      0x000082e4   Number         0  funder_clz.o(x$fpl$funder)
    x$fpl$retnan                             0x00008420   Section      178  retnan.o(x$fpl$retnan)
    $v0                                      0x00008420   Number         0  retnan.o(x$fpl$retnan)
    x$fpl$trapveneer                         0x000084d2   Section      126  trapv.o(x$fpl$trapveneer)
    $v0                                      0x000084d2   Number         0  trapv.o(x$fpl$trapveneer)
    .constdata                               0x00008550   Section       40  kentec320x240x16_ssd2119_8bit.o(.constdata)
    x$fpl$usenofp                            0x00008550   Section        0  usenofp.o(x$fpl$usenofp)
    .constdata                               0x00008578   Section       28  touch.o(.constdata)
    .constdata                               0x00008594   Section       76  ustdlib.o(.constdata)
    g_pcHex                                  0x00008594   Data           4  ustdlib.o(.constdata)
    g_psDaysToMonth                          0x00008598   Data          48  ustdlib.o(.constdata)
    g_pfExponents                            0x000085c8   Data          24  ustdlib.o(.constdata)
    .constdata                               0x000085e0   Section     2512  neuralnetworkfunction.o(.constdata)
    settings_gain                            0x000085e0   Data          96  neuralnetworkfunction.o(.constdata)
    settings_xoffset                         0x00008640   Data          96  neuralnetworkfunction.o(.constdata)
    a                                        0x000086a0   Data         240  neuralnetworkfunction.o(.constdata)
    fv0                                      0x00008790   Data        1440  neuralnetworkfunction.o(.constdata)
    b_a                                      0x00008d30   Data          40  neuralnetworkfunction.o(.constdata)
    fv1                                      0x00008d58   Data         600  neuralnetworkfunction.o(.constdata)
    .constdata                               0x00008fb0   Section     1300  fontcmss12.o(.constdata)
    g_pui8Cmss12Data                         0x00008fb0   Data        1300  fontcmss12.o(.constdata)
    .constdata                               0x000094c4   Section      200  fontcmss12.o(.constdata)
    .constdata                               0x0000958c   Section     2248  fontcmss22.o(.constdata)
    g_pui8Cmss22Data                         0x0000958c   Data        2248  fontcmss22.o(.constdata)
    .constdata                               0x00009e54   Section      200  fontcmss22.o(.constdata)
    .constdata                               0x00009f1c   Section     2334  fontcmss22b.o(.constdata)
    g_pui8Cmss22bData                        0x00009f1c   Data        2334  fontcmss22b.o(.constdata)
    .constdata                               0x0000a83c   Section      200  fontcmss22b.o(.constdata)
    .constdata                               0x0000a904   Section     2607  fontcmss24b.o(.constdata)
    g_pui8Cmss24bData                        0x0000a904   Data        2607  fontcmss24b.o(.constdata)
    .constdata                               0x0000b334   Section      200  fontcmss24b.o(.constdata)
    .constdata                               0x0000b3fc   Section      528  gpio.o(.constdata)
    g_ppui32GPIOIntMapBlizzard               0x0000b3fc   Data         192  gpio.o(.constdata)
    g_ppui32GPIOIntMapSnowflake              0x0000b4bc   Data         192  gpio.o(.constdata)
    g_pui32GPIOBaseAddrs                     0x0000b57c   Data         144  gpio.o(.constdata)
    .constdata                               0x0000b60c   Section      268  interrupt.o(.constdata)
    g_pui32Priority                          0x0000b60c   Data          32  interrupt.o(.constdata)
    g_pui32Regs                              0x0000b62c   Data         156  interrupt.o(.constdata)
    g_pui32EnRegs                            0x0000b6c8   Data          20  interrupt.o(.constdata)
    g_pui32Dii16Regs                         0x0000b6dc   Data          20  interrupt.o(.constdata)
    g_pui32PendRegs                          0x0000b6f0   Data          20  interrupt.o(.constdata)
    g_pui32UnpendRegs                        0x0000b704   Data          20  interrupt.o(.constdata)
    .constdata                               0x0000b718   Section      452  sysctl.o(.constdata)
    g_pui32VCOFrequencies                    0x0000b718   Data           8  sysctl.o(.constdata)
    g_pui32Xtals                             0x0000b720   Data         108  sysctl.o(.constdata)
    g_pppui32XTALtoVCO                       0x0000b78c   Data         288  sysctl.o(.constdata)
    g_sXTALtoMEMTIM                          0x0000b8ac   Data          48  sysctl.o(.constdata)
    .constdata                               0x0000b8dc   Section       16  context.o(.constdata)
    .constdata                               0x0000b8f0   Section       88  exp.o(.constdata)
    halF                                     0x0000b8f0   Data          16  exp.o(.constdata)
    ln2HI                                    0x0000b900   Data          16  exp.o(.constdata)
    ln2LO                                    0x0000b910   Data          16  exp.o(.constdata)
    P                                        0x0000b920   Data          40  exp.o(.constdata)
    .conststring                             0x0000b948   Section      214  main.o(.conststring)
    .conststring                             0x0000ba20   Section       17  ustdlib.o(.conststring)
    .data                                    0x20000000   Section     2780  main.o(.data)
    .data                                    0x20000adc   Section        8  kentec320x240x16_ssd2119_8bit.o(.data)
    .data                                    0x20000ae4   Section       22  touch.o(.data)
    g_ui32TSState                            0x20000aec   Data           4  touch.o(.data)
    g_pfnTSHandler                           0x20000af4   Data           4  touch.o(.data)
    g_ui8State                               0x20000af8   Data           1  touch.o(.data)
    g_i8Index                                0x20000af9   Data           1  touch.o(.data)
    .data                                    0x20000afc   Section        4  ustdlib.o(.data)
    g_iRandomSeed                            0x20000afc   Data           4  ustdlib.o(.data)
    .data                                    0x20000b00   Section       36  rt_nonfinite.o(.data)
    .data                                    0x20000b24   Section       48  widget.o(.data)
    g_ui8MQMutex                             0x20000b24   Data           1  widget.o(.data)
    g_psPointerWidget                        0x20000b28   Data           4  widget.o(.data)
    g_ui32MQRead                             0x20000b2c   Data           4  widget.o(.data)
    g_ui32MQWrite                            0x20000b30   Data           4  widget.o(.data)
    .data                                    0x20000b54   Section        4  context.o(.data)
    g_psGrLibDefaults                        0x20000b54   Data           4  context.o(.data)
    .bss                                     0x20000b58   Section    22908  main.o(.bss)
    text1                                    0x200063d4   Data          16  main.o(.bss)
    text2                                    0x200063e4   Data          16  main.o(.bss)
    text3                                    0x200063f4   Data          16  main.o(.bss)
    text4                                    0x20006404   Data          16  main.o(.bss)
    text5                                    0x20006414   Data          16  main.o(.bss)
    text6                                    0x20006424   Data          16  main.o(.bss)
    .bss                                     0x200064d4   Section       16  touch.o(.bss)
    g_pi16Samples                            0x200064d4   Data          16  touch.o(.bss)
    .bss                                     0x200064e4   Section      320  widget.o(.bss)
    g_psMQ                                   0x200064e4   Data         320  widget.o(.bss)
    .bss                                     0x20006624   Section       32  image.o(.bss)
    g_pui8Dictionary                         0x20006624   Data          32  image.o(.bss)
    .bss                                     0x20006644   Section       96  libspace.o(.bss)
    HEAP                                     0x200066a8   Section        0  startup_rvmdk.o(HEAP)
    STACK                                    0x200066a8   Section     1024  startup_rvmdk.o(STACK)
    HeapMem                                  0x200066a8   Data           0  startup_rvmdk.o(HEAP)
    StackMem                                 0x200066a8   Data           0  startup_rvmdk.o(STACK)

    Global Symbols

    Symbol Name                              Value     Ov Type        Size  Object(Section)

    BuildAttributes$$THM_ISAv4$E$P$D$K$B$S$7EM$VFPi3$EXTD16$VFPS$VFMA$PE$A:L22UL41UL21$X:L11$S22US41US21$IEEE1$IW$USESV6$~STKCKD$USESV7$~SHL$OTIME$ROPI$IEEEX$EBA8$UX$STANDARDLIB$REQ8$PRES8$EABIv2 0x00000000   Number         0  anon$$obj.o ABSOLUTE
    __ARM_use_no_argv                        0x00000000   Number         0  main.o ABSOLUTE
    __Vectors                                0x00000000   Data           0  startup_rvmdk.o(RESET)
    __ARM_exceptions_init                     - Undefined Weak Reference
    __alloca_initialize                       - Undefined Weak Reference
    __arm_preinit_                            - Undefined Weak Reference
    __cpp_initialize__aeabi_                  - Undefined Weak Reference
    __cxa_finalize                            - Undefined Weak Reference
    __rt_locale                               - Undefined Weak Reference
    __sigvec_lookup                           - Undefined Weak Reference
    _atexit_init                              - Undefined Weak Reference
    _call_atexit_fns                          - Undefined Weak Reference
    _clock_init                               - Undefined Weak Reference
    _fp_trap_big                              - Undefined Weak Reference
    _fp_trap_init                             - Undefined Weak Reference
    _fp_trap_shutdown                         - Undefined Weak Reference
    _get_lc_collate                           - Undefined Weak Reference
    _get_lc_ctype                             - Undefined Weak Reference
    _get_lc_monetary                          - Undefined Weak Reference
    _get_lc_numeric                           - Undefined Weak Reference
    _get_lc_time                              - Undefined Weak Reference
    _getenv_init                              - Undefined Weak Reference
    _handle_redirection                       - Undefined Weak Reference
    _init_alloc                               - Undefined Weak Reference
    _init_user_alloc                          - Undefined Weak Reference
    _initio                                   - Undefined Weak Reference
    _rand_init                                - Undefined Weak Reference
    _signal_finish                            - Undefined Weak Reference
    _signal_init                              - Undefined Weak Reference
    _terminate_alloc                          - Undefined Weak Reference
    _terminate_user_alloc                     - Undefined Weak Reference
    _terminateio                              - Undefined Weak Reference
    Reset_Handler                            0x00000201   Thumb Code     0  startup_rvmdk.o(RESET)
    __main                                   0x0000021d   Thumb Code     8  __main.o(!!!main)
    __scatterload                            0x00000225   Thumb Code     0  __scatter.o(!!!scatter)
    __scatterload_rt2                        0x00000225   Thumb Code    44  __scatter.o(!!!scatter)
    __scatterload_rt2_thumb_only             0x00000225   Thumb Code     0  __scatter.o(!!!scatter)
    __scatterload_null                       0x00000233   Thumb Code     0  __scatter.o(!!!scatter)
    __decompress                             0x00000259   Thumb Code    90  __dczerorl2.o(!!dczerorl2)
    __decompress1                            0x00000259   Thumb Code     0  __dczerorl2.o(!!dczerorl2)
    __scatterload_zeroinit                   0x000002b5   Thumb Code    28  __scatter_zi.o(!!handler_zi)
    __rt_lib_init                            0x000002d1   Thumb Code     0  libinit.o(.ARM.Collect$$libinit$$00000000)
    __rt_lib_init_fp_1                       0x000002d3   Thumb Code     0  libinit2.o(.ARM.Collect$$libinit$$00000001)
    __rt_lib_init_alloca_1                   0x000002d7   Thumb Code     0  libinit2.o(.ARM.Collect$$libinit$$0000002E)
    __rt_lib_init_argv_1                     0x000002d7   Thumb Code     0  libinit2.o(.ARM.Collect$$libinit$$0000002C)
    __rt_lib_init_atexit_1                   0x000002d7   Thumb Code     0  libinit2.o(.ARM.Collect$$libinit$$0000001B)
    __rt_lib_init_clock_1                    0x000002d7   Thumb Code     0  libinit2.o(.ARM.Collect$$libinit$$00000021)
    __rt_lib_init_cpp_1                      0x000002d7   Thumb Code     0  libinit2.o(.ARM.Collect$$libinit$$00000032)
    __rt_lib_init_exceptions_1               0x000002d7   Thumb Code     0  libinit2.o(.ARM.Collect$$libinit$$00000030)
    __rt_lib_init_fp_trap_1                  0x000002d7   Thumb Code     0  libinit2.o(.ARM.Collect$$libinit$$0000001F)
    __rt_lib_init_getenv_1                   0x000002d7   Thumb Code     0  libinit2.o(.ARM.Collect$$libinit$$00000023)
    __rt_lib_init_heap_1                     0x000002d7   Thumb Code     0  libinit2.o(.ARM.Collect$$libinit$$0000000A)
    __rt_lib_init_lc_collate_1               0x000002d7   Thumb Code     0  libinit2.o(.ARM.Collect$$libinit$$00000011)
    __rt_lib_init_lc_ctype_1                 0x000002d7   Thumb Code     0  libinit2.o(.ARM.Collect$$libinit$$00000013)
    __rt_lib_init_lc_monetary_1              0x000002d7   Thumb Code     0  libinit2.o(.ARM.Collect$$libinit$$00000015)
    __rt_lib_init_lc_numeric_1               0x000002d7   Thumb Code     0  libinit2.o(.ARM.Collect$$libinit$$00000017)
    __rt_lib_init_lc_time_1                  0x000002d7   Thumb Code     0  libinit2.o(.ARM.Collect$$libinit$$00000019)
    __rt_lib_init_preinit_1                  0x000002d7   Thumb Code     0  libinit2.o(.ARM.Collect$$libinit$$00000004)
    __rt_lib_init_rand_1                     0x000002d7   Thumb Code     0  libinit2.o(.ARM.Collect$$libinit$$0000000E)
    __rt_lib_init_return                     0x000002d7   Thumb Code     0  libinit2.o(.ARM.Collect$$libinit$$00000033)
    __rt_lib_init_signal_1                   0x000002d7   Thumb Code     0  libinit2.o(.ARM.Collect$$libinit$$0000001D)
    __rt_lib_init_stdio_1                    0x000002d7   Thumb Code     0  libinit2.o(.ARM.Collect$$libinit$$00000025)
    __rt_lib_init_user_alloc_1               0x000002d7   Thumb Code     0  libinit2.o(.ARM.Collect$$libinit$$0000000C)
    __rt_lib_shutdown                        0x000002d9   Thumb Code     0  libshutdown.o(.ARM.Collect$$libshutdown$$00000000)
    __rt_lib_shutdown_cpp_1                  0x000002db   Thumb Code     0  libshutdown2.o(.ARM.Collect$$libshutdown$$00000002)
    __rt_lib_shutdown_fp_trap_1              0x000002db   Thumb Code     0  libshutdown2.o(.ARM.Collect$$libshutdown$$00000007)
    __rt_lib_shutdown_heap_1                 0x000002db   Thumb Code     0  libshutdown2.o(.ARM.Collect$$libshutdown$$0000000F)
    __rt_lib_shutdown_return                 0x000002db   Thumb Code     0  libshutdown2.o(.ARM.Collect$$libshutdown$$00000010)
    __rt_lib_shutdown_signal_1               0x000002db   Thumb Code     0  libshutdown2.o(.ARM.Collect$$libshutdown$$0000000A)
    __rt_lib_shutdown_stdio_1                0x000002db   Thumb Code     0  libshutdown2.o(.ARM.Collect$$libshutdown$$00000004)
    __rt_lib_shutdown_user_alloc_1           0x000002db   Thumb Code     0  libshutdown2.o(.ARM.Collect$$libshutdown$$0000000C)
    __rt_entry                               0x000002dd   Thumb Code     0  __rtentry.o(.ARM.Collect$$rtentry$$00000000)
    __rt_entry_presh_1                       0x000002dd   Thumb Code     0  __rtentry2.o(.ARM.Collect$$rtentry$$00000002)
    __rt_entry_sh                            0x000002dd   Thumb Code     0  __rtentry4.o(.ARM.Collect$$rtentry$$00000004)
    __rt_entry_li                            0x000002e3   Thumb Code     0  __rtentry2.o(.ARM.Collect$$rtentry$$0000000A)
    __rt_entry_postsh_1                      0x000002e3   Thumb Code     0  __rtentry2.o(.ARM.Collect$$rtentry$$00000009)
    __rt_entry_main                          0x000002e7   Thumb Code     0  __rtentry2.o(.ARM.Collect$$rtentry$$0000000D)
    __rt_entry_postli_1                      0x000002e7   Thumb Code     0  __rtentry2.o(.ARM.Collect$$rtentry$$0000000C)
    __rt_exit                                0x000002ef   Thumb Code     0  rtexit.o(.ARM.Collect$$rtexit$$00000000)
    __rt_exit_ls                             0x000002f1   Thumb Code     0  rtexit2.o(.ARM.Collect$$rtexit$$00000003)
    __rt_exit_prels_1                        0x000002f1   Thumb Code     0  rtexit2.o(.ARM.Collect$$rtexit$$00000002)
    __rt_exit_exit                           0x000002f5   Thumb Code     0  rtexit2.o(.ARM.Collect$$rtexit$$00000004)
    WidgetMutexGet                           0x000002fd   Thumb Code    20  widget.o(.emb_text)
    SysCtlDelay                              0x00000311   Thumb Code     6  sysctl.o(.emb_text)
    CPUcpsid                                 0x00000319   Thumb Code     8  cpu.o(.emb_text)
    CPUprimask                               0x00000321   Thumb Code     6  cpu.o(.emb_text)
    CPUcpsie                                 0x00000327   Thumb Code     8  cpu.o(.emb_text)
    CPUwfi                                   0x0000032f   Thumb Code     4  cpu.o(.emb_text)
    CPUbasepriSet                            0x00000333   Thumb Code     6  cpu.o(.emb_text)
    CPUbasepriGet                            0x00000339   Thumb Code     6  cpu.o(.emb_text)
    FingerPositionSet                        0x00000341   Thumb Code    26  main.o(.text)
    Execute                                  0x0000035b   Thumb Code   118  main.o(.text)
    GetFeatures                              0x000003d1   Thumb Code   492  main.o(.text)
    UART_init                                0x000005bd   Thumb Code    70  main.o(.text)
    ADC_Init                                 0x00000603   Thumb Code    82  main.o(.text)
    Timers_Init                              0x00000655   Thumb Code   416  main.o(.text)
    PWMs_Init                                0x000007f5   Thumb Code   304  main.o(.text)
    GPIO_Init                                0x00000925   Thumb Code   134  main.o(.text)
    main                                     0x000009ab   Thumb Code  2070  main.o(.text)
    OnButtonPress                            0x000011c1   Thumb Code     8  main.o(.text)
    OnButtonPress2                           0x000011c9   Thumb Code     8  main.o(.text)
    OnButtonPress3                           0x000011d1   Thumb Code     8  main.o(.text)
    OnButtonPress4                           0x000011d9   Thumb Code     8  main.o(.text)
    OnButtonPress5                           0x000011e1   Thumb Code   190  main.o(.text)
    OnButtonPress6                           0x0000129f   Thumb Code   134  main.o(.text)
    OnButtonPress7                           0x00001325   Thumb Code   214  main.o(.text)
    OnButtonPress8                           0x000013fb   Thumb Code   178  main.o(.text)
    OnButtonPress9                           0x000014ad   Thumb Code     8  main.o(.text)
    OnButtonPress10                          0x000014b5   Thumb Code     8  main.o(.text)
    OnButtonPress11                          0x000014bd   Thumb Code     8  main.o(.text)
    OnButtonPress12                          0x000014c5   Thumb Code     8  main.o(.text)
    OnButtonPress13                          0x000014cd   Thumb Code     8  main.o(.text)
    OnButtonPress14                          0x000014d5   Thumb Code   364  main.o(.text)
    OnButtonPress15                          0x00001641   Thumb Code    28  main.o(.text)
    OnButtonPress16                          0x0000165d   Thumb Code    28  main.o(.text)
    OnButtonPress17                          0x00001679   Thumb Code    28  main.o(.text)
    FingerVerification                       0x00001695   Thumb Code    46  main.o(.text)
    reverse                                  0x000016c3   Thumb Code    38  main.o(.text)
    itoa                                     0x000016e9   Thumb Code    72  main.o(.text)
    UART_OutString                           0x00001731   Thumb Code    24  main.o(.text)
    ADC1SS2_Handler                          0x00001749   Thumb Code     2  main.o(.text)
    GPIO_PORTJ_Handler                       0x0000174b   Thumb Code    98  main.o(.text)
    Timer0A_Handler                          0x000017ad   Thumb Code    38  main.o(.text)
    Timer2A_Handler                          0x000017d3   Thumb Code    36  main.o(.text)
    Timer3A_Handler                          0x000017f7   Thumb Code    36  main.o(.text)
    Timer4A_Handler                          0x0000181b   Thumb Code    36  main.o(.text)
    Timer5A_Handler                          0x0000183f   Thumb Code    36  main.o(.text)
    Timer6A_Handler                          0x00001863   Thumb Code   290  main.o(.text)
    UARTIntHandler                           0x00001985   Thumb Code   624  main.o(.text)
    LED_ON                                   0x00001c85   Thumb Code    14  kentec320x240x16_ssd2119_8bit.o(.text)
    LED_OFF                                  0x00001c93   Thumb Code    14  kentec320x240x16_ssd2119_8bit.o(.text)
    Kentec320x240x16_SSD2119Init             0x00001f51   Thumb Code   640  kentec320x240x16_ssd2119_8bit.o(.text)
    TouchScreenIntHandler                    0x00002787   Thumb Code   332  touch.o(.text)
    TouchScreenInit                          0x000028d3   Thumb Code   326  touch.o(.text)
    TouchScreenCallbackSet                   0x00002a19   Thumb Code     6  touch.o(.text)
    __user_initial_stackheap                 0x00002a29   Thumb Code     0  startup_rvmdk.o(.text)
    ustrncpy                                 0x00002a41   Thumb Code    42  ustdlib.o(.text)
    uvsnprintf                               0x00002a6b   Thumb Code   694  ustdlib.o(.text)
    usprintf                                 0x00002d21   Thumb Code    38  ustdlib.o(.text)
    usnprintf                                0x00002d47   Thumb Code    38  ustdlib.o(.text)
    ulocaltime                               0x00002d6d   Thumb Code   166  ustdlib.o(.text)
    umktime                                  0x00002eb5   Thumb Code    84  ustdlib.o(.text)
    ustrtoul                                 0x00002f09   Thumb Code   212  ustdlib.o(.text)
    ustrtof                                  0x00002fdd   Thumb Code   530  ustdlib.o(.text)
    ustrlen                                  0x000031ef   Thumb Code    16  ustdlib.o(.text)
    ustrncmp                                 0x000031ff   Thumb Code    58  ustdlib.o(.text)
    ustrstr                                  0x00003239   Thumb Code    44  ustdlib.o(.text)
    ustrncasecmp                             0x00003265   Thumb Code    94  ustdlib.o(.text)
    ustrcasecmp                              0x000032c3   Thumb Code    20  ustdlib.o(.text)
    ustrcmp                                  0x000032d7   Thumb Code    20  ustdlib.o(.text)
    usrand                                   0x000032eb   Thumb Code     6  ustdlib.o(.text)
    urand                                    0x000032f1   Thumb Code    22  ustdlib.o(.text)
    NeuralNetworkFunction                    0x00003319   Thumb Code   854  neuralnetworkfunction.o(.text)
    rt_InitInfAndNaN                         0x0000368d   Thumb Code    66  rt_nonfinite.o(.text)
    rtIsInf                                  0x000036cf   Thumb Code    66  rt_nonfinite.o(.text)
    rtIsInfF                                 0x00003711   Thumb Code    40  rt_nonfinite.o(.text)
    rtIsNaN                                  0x00003739   Thumb Code    40  rt_nonfinite.o(.text)
    rtIsNaNF                                 0x00003761   Thumb Code    18  rt_nonfinite.o(.text)
    rtGetInfF                                0x0000378d   Thumb Code    14  rtgetinf.o(.text)
    rtGetInf                                 0x0000379b   Thumb Code   138  rtgetinf.o(.text)
    rtGetMinusInfF                           0x00003825   Thumb Code    12  rtgetinf.o(.text)
    rtGetMinusInf                            0x00003831   Thumb Code   138  rtgetinf.o(.text)
    rtGetNaNF                                0x000038d1   Thumb Code    56  rtgetnan.o(.text)
    rtGetNaN                                 0x00003909   Thumb Code   142  rtgetnan.o(.text)
    arm_abs_f32                              0x000039a9   Thumb Code   164  arm_abs_f32.o(.text)
    arm_dot_prod_f32                         0x00003a4d   Thumb Code   256  arm_dot_prod_f32.o(.text)
    arm_sub_f32                              0x00003b51   Thumb Code   210  arm_sub_f32.o(.text)
    arm_conv_f32                             0x00003c25   Thumb Code  1390  arm_conv_f32.o(.text)
    arm_max_f32                              0x00004195   Thumb Code   216  arm_max_f32.o(.text)
    arm_rms_f32                              0x0000426d   Thumb Code   232  arm_rms_f32.o(.text)
    arm_var_f32                              0x00004359   Thumb Code   286  arm_var_f32.o(.text)
    arm_fill_f32                             0x0000447d   Thumb Code   148  arm_fill_f32.o(.text)
    strlen                                   0x00004511   Thumb Code    62  strlen.o(.text)
    __aeabi_memcpy4                          0x0000454f   Thumb Code     0  rt_memcpy_w.o(.text)
    __aeabi_memcpy8                          0x0000454f   Thumb Code     0  rt_memcpy_w.o(.text)
    __rt_memcpy_w                            0x0000454f   Thumb Code   100  rt_memcpy_w.o(.text)
    _memcpy_lastbytes_aligned                0x00004597   Thumb Code     0  rt_memcpy_w.o(.text)
    __use_two_region_memory                  0x000045b3   Thumb Code     2  heapauxi.o(.text)
    __rt_heap_escrow$2region                 0x000045b5   Thumb Code     2  heapauxi.o(.text)
    __rt_heap_expand$2region                 0x000045b7   Thumb Code     2  heapauxi.o(.text)
    __read_errno                             0x000045b9   Thumb Code    10  _rserrno.o(.text)
    __set_errno                              0x000045c3   Thumb Code    12  _rserrno.o(.text)
    __aeabi_errno_addr                       0x000045d1   Thumb Code     8  rt_errno_addr_intlibspace.o(.text)
    __errno$intlibspace                      0x000045d1   Thumb Code     0  rt_errno_addr_intlibspace.o(.text)
    __rt_errno_addr$intlibspace              0x000045d1   Thumb Code     0  rt_errno_addr_intlibspace.o(.text)
    _fp_trap                                 0x000045d9   Thumb Code    44  _fptrap.o(.text)
    __user_libspace                          0x00004609   Thumb Code     8  libspace.o(.text)
    __user_perproc_libspace                  0x00004609   Thumb Code     0  libspace.o(.text)
    __user_perthread_libspace                0x00004609   Thumb Code     0  libspace.o(.text)
    __user_setup_stackheap                   0x00004611   Thumb Code    74  sys_stackheap_outer.o(.text)
    exit                                     0x0000465b   Thumb Code    18  exit.o(.text)
    __rt_SIGFPE                              0x0000466d   Thumb Code    14  defsig_fpe_outer.o(.text)
    __sig_exit                               0x0000467b   Thumb Code    10  defsig_exit.o(.text)
    __rt_SIGFPE_inner                        0x00004685   Thumb Code    62  defsig_fpe_inner.o(.text)
    _sys_exit                                0x00004731   Thumb Code     8  sys_exit.o(.text)
    __default_signal_display                 0x0000473d   Thumb Code    50  defsig_general.o(.text)
    _ttywrch                                 0x0000476f   Thumb Code    14  sys_wrch.o(.text)
    __I$use$semihosting                      0x0000477d   Thumb Code     0  use_no_semi.o(.text)
    __use_no_semihosting_swi                 0x0000477d   Thumb Code     2  use_no_semi.o(.text)
    ADCHardwareOversampleConfigure           0x0000477f   Thumb Code    14  adc.o(i.ADCHardwareOversampleConfigure)
    __semihosting_library_function           0x0000477f   Thumb Code     0  indicate_semi.o(.text)
    ADCIntClear                              0x0000478d   Thumb Code    10  adc.o(i.ADCIntClear)
    ADCIntEnable                             0x00004797   Thumb Code    16  adc.o(i.ADCIntEnable)
    ADCIntStatus                             0x000047a7   Thumb Code    52  adc.o(i.ADCIntStatus)
    ADCProcessorTrigger                      0x000047db   Thumb Code    26  adc.o(i.ADCProcessorTrigger)
    ADCSequenceConfigure                     0x000047f5   Thumb Code    78  adc.o(i.ADCSequenceConfigure)
    ADCSequenceDataGet                       0x00004843   Thumb Code    36  adc.o(i.ADCSequenceDataGet)
    ADCSequenceDisable                       0x00004867   Thumb Code    16  adc.o(i.ADCSequenceDisable)
    ADCSequenceEnable                        0x00004877   Thumb Code    14  adc.o(i.ADCSequenceEnable)
    ADCSequenceStepConfigure                 0x00004885   Thumb Code   154  adc.o(i.ADCSequenceStepConfigure)
    CanvasMsgProc                            0x0000491f   Thumb Code   448  canvas.o(i.CanvasMsgProc)
    FPUEnable                                0x00004ae1   Thumb Code    12  fpu.o(i.FPUEnable)
    FPULazyStackingEnable                    0x00004af1   Thumb Code    12  fpu.o(i.FPULazyStackingEnable)
    GPIODirModeSet                           0x00004b01   Thumb Code    40  gpio.o(i.GPIODirModeSet)
    GPIOIntClear                             0x00004b29   Thumb Code     6  gpio.o(i.GPIOIntClear)
    GPIOIntEnable                            0x00004b2f   Thumb Code    14  gpio.o(i.GPIOIntEnable)
    GPIOIntStatus                            0x00004b3d   Thumb Code    14  gpio.o(i.GPIOIntStatus)
    GPIOIntTypeSet                           0x00004b4b   Thumb Code    80  gpio.o(i.GPIOIntTypeSet)
    GPIOPadConfigSet                         0x00004b9b   Thumb Code   314  gpio.o(i.GPIOPadConfigSet)
    GPIOPinConfigure                         0x00004cd5   Thumb Code    64  gpio.o(i.GPIOPinConfigure)
    GPIOPinRead                              0x00004d1d   Thumb Code     6  gpio.o(i.GPIOPinRead)
    GPIOPinTypeGPIOInput                     0x00004d23   Thumb Code    28  gpio.o(i.GPIOPinTypeGPIOInput)
    GPIOPinTypeGPIOOutput                    0x00004d3f   Thumb Code    28  gpio.o(i.GPIOPinTypeGPIOOutput)
    GPIOPinTypePWM                           0x00004d5b   Thumb Code    28  gpio.o(i.GPIOPinTypePWM)
    GPIOPinTypeUART                          0x00004d77   Thumb Code    28  gpio.o(i.GPIOPinTypeUART)
    GPIOPinWrite                             0x00004d93   Thumb Code     6  gpio.o(i.GPIOPinWrite)
    GrContextClipRegionSet                   0x00004d99   Thumb Code   112  context.o(i.GrContextClipRegionSet)
    GrContextFontSet                         0x00004e09   Thumb Code     6  string.o(i.GrContextFontSet)
    GrContextInit                            0x00004e11   Thumb Code    88  context.o(i.GrContextInit)
    GrDefaultStringRenderer                  0x00004e75   Thumb Code   280  string.o(i.GrDefaultStringRenderer)
    GrFontBaselineGet                        0x00004f8d   Thumb Code    44  string.o(i.GrFontBaselineGet)
    GrFontGlyphDataGet                       0x00004fb9   Thumb Code   166  string.o(i.GrFontGlyphDataGet)
    GrFontGlyphRender                        0x0000505f   Thumb Code   646  string.o(i.GrFontGlyphRender)
    GrFontHeightGet                          0x000052e5   Thumb Code    44  string.o(i.GrFontHeightGet)
    GrImageDraw                              0x00005311   Thumb Code    24  image.o(i.GrImageDraw)
    GrLineDrawH                              0x00005329   Thumb Code    76  line.o(i.GrLineDrawH)
    GrLineDrawV                              0x00005375   Thumb Code    76  line.o(i.GrLineDrawV)
    GrMapISO8859_1_Unicode                   0x000053c1   Thumb Code     8  charmap.o(i.GrMapISO8859_1_Unicode)
    GrRectDraw                               0x000053c9   Thumb Code   108  rectangle.o(i.GrRectDraw)
    GrRectFill                               0x00005435   Thumb Code   180  rectangle.o(i.GrRectFill)
    GrStringDraw                             0x000054e9   Thumb Code    32  string.o(i.GrStringDraw)
    GrStringWidthGet                         0x00005509   Thumb Code   192  string.o(i.GrStringWidthGet)
    IntEnable                                0x000055c9   Thumb Code    92  interrupt.o(i.IntEnable)
    IntMasterEnable                          0x0000562d   Thumb Code    14  interrupt.o(i.IntMasterEnable)
    PWMClockSet                              0x000059c1   Thumb Code    22  pwm.o(i.PWMClockSet)
    PWMGenConfigure                          0x000059d7   Thumb Code    38  pwm.o(i.PWMGenConfigure)
    PWMGenEnable                             0x000059fd   Thumb Code    10  pwm.o(i.PWMGenEnable)
    PWMGenPeriodSet                          0x00005a07   Thumb Code    18  pwm.o(i.PWMGenPeriodSet)
    PWMOutputState                           0x00005a19   Thumb Code    16  pwm.o(i.PWMOutputState)
    PWMPulseWidthSet                         0x00005a29   Thumb Code    32  pwm.o(i.PWMPulseWidthSet)
    RectangularButtonMsgProc                 0x00005cdf   Thumb Code   306  pushbutton.o(i.RectangularButtonMsgProc)
    SysCtlClockFreqSet                       0x00005fb5   Thumb Code   672  sysctl.o(i.SysCtlClockFreqSet)
    SysCtlGPIOAHBEnable                      0x0000627d   Thumb Code    20  sysctl.o(i.SysCtlGPIOAHBEnable)
    SysCtlPeripheralEnable                   0x00006295   Thumb Code    36  sysctl.o(i.SysCtlPeripheralEnable)
    TimerConfigure                           0x000062bd   Thumb Code    88  timer.o(i.TimerConfigure)
    TimerControlTrigger                      0x0000631d   Thumb Code    68  timer.o(i.TimerControlTrigger)
    TimerEnable                              0x00006369   Thumb Code    14  timer.o(i.TimerEnable)
    TimerIntClear                            0x00006377   Thumb Code     4  timer.o(i.TimerIntClear)
    TimerIntEnable                           0x0000637b   Thumb Code     8  timer.o(i.TimerIntEnable)
    TimerLoadSet                             0x00006383   Thumb Code    18  timer.o(i.TimerLoadSet)
    UARTCharGetNonBlocking                   0x00006395   Thumb Code    16  uart.o(i.UARTCharGetNonBlocking)
    UARTCharPut                              0x000063a5   Thumb Code    12  uart.o(i.UARTCharPut)
    UARTCharsAvail                           0x000063b1   Thumb Code    10  uart.o(i.UARTCharsAvail)
    UARTConfigSetExpClk                      0x000063bb   Thumb Code   110  uart.o(i.UARTConfigSetExpClk)
    UARTIntClear                             0x00006429   Thumb Code     4  uart.o(i.UARTIntClear)
    UARTIntEnable                            0x0000642d   Thumb Code     8  uart.o(i.UARTIntEnable)
    UARTIntStatus                            0x00006435   Thumb Code    10  uart.o(i.UARTIntStatus)
    WidgetAdd                                0x000064ab   Thumb Code    38  widget.o(i.WidgetAdd)
    WidgetDefaultMsgProc                     0x000064d1   Thumb Code     4  widget.o(i.WidgetDefaultMsgProc)
    WidgetMessageQueueAdd                    0x000064d5   Thumb Code   210  widget.o(i.WidgetMessageQueueAdd)
    WidgetMessageQueueProcess                0x000065b1   Thumb Code   168  widget.o(i.WidgetMessageQueueProcess)
    WidgetMessageSendPostOrder               0x00006661   Thumb Code   208  widget.o(i.WidgetMessageSendPostOrder)
    WidgetPointerMessage                     0x00006739   Thumb Code    28  widget.o(i.WidgetPointerMessage)
    WidgetRemove                             0x00006759   Thumb Code   150  widget.o(i.WidgetRemove)
    __ARM_fpclassify                         0x000067f5   Thumb Code    48  fpclassify.o(i.__ARM_fpclassify)
    __hardfp_exp                             0x00006829   Thumb Code   714  exp.o(i.__hardfp_exp)
    __kernel_poly                            0x00006b81   Thumb Code   248  poly.o(i.__kernel_poly)
    __mathlib_dbl_infnan                     0x00006c79   Thumb Code    20  dunder.o(i.__mathlib_dbl_infnan)
    __mathlib_dbl_overflow                   0x00006c91   Thumb Code    24  dunder.o(i.__mathlib_dbl_overflow)
    __mathlib_dbl_underflow                  0x00006cb1   Thumb Code    24  dunder.o(i.__mathlib_dbl_underflow)
    __aeabi_d2f                              0x00006cd1   Thumb Code     0  d2f_clz.o(x$fpl$d2f)
    _d2f                                     0x00006cd1   Thumb Code   700  d2f_clz.o(x$fpl$d2f)
    __aeabi_dadd                             0x00006f95   Thumb Code     0  daddsub_clz.o(x$fpl$dadd)
    _dadd                                    0x00006f95   Thumb Code   580  daddsub_clz.o(x$fpl$dadd)
    __fpl_dcmp_Inf                           0x000071e1   Thumb Code    24  dcmpi.o(x$fpl$dcmpinf)
    __aeabi_ddiv                             0x000071f9   Thumb Code     0  ddiv_clz.o(x$fpl$ddiv)
    _ddiv                                    0x000071f9   Thumb Code   748  ddiv_clz.o(x$fpl$ddiv)
    __aeabi_cdcmpeq                          0x00007575   Thumb Code     0  deqf.o(x$fpl$deqf)
    _dcmpeq                                  0x00007575   Thumb Code   116  deqf.o(x$fpl$deqf)
    __aeabi_d2iz                             0x000075e9   Thumb Code     0  dfix.o(x$fpl$dfix)
    _dfix                                    0x000075e9   Thumb Code   192  dfix.o(x$fpl$dfix)
    __aeabi_i2d                              0x000076b1   Thumb Code     0  dflt_clz.o(x$fpl$dflt)
    _dflt                                    0x000076b1   Thumb Code    46  dflt_clz.o(x$fpl$dflt)
    __dflt_normalise                         0x000076df   Thumb Code    26  dflt_clz.o(x$fpl$dfltn)
    __aeabi_cdcmple                          0x000076f9   Thumb Code     0  dleqf.o(x$fpl$dleqf)
    _dcmple                                  0x000076f9   Thumb Code   120  dleqf.o(x$fpl$dleqf)
    __fpl_dcmple_InfNaN                      0x00007751   Thumb Code     0  dleqf.o(x$fpl$dleqf)
    __aeabi_dmul                             0x00007771   Thumb Code     0  dmul_clz.o(x$fpl$dmul)
    _dmul                                    0x00007771   Thumb Code   440  dmul_clz.o(x$fpl$dmul)
    __fpl_dnaninf                            0x00007931   Thumb Code   258  dnaninf.o(x$fpl$dnaninf)
    __fpl_drenorm2                           0x00007a33   Thumb Code   106  drenorm_clz.o(x$fpl$drenorm)
    __fpl_drenorm1                           0x00007a9d   Thumb Code     6  drenorm_clz.o(x$fpl$drenorm)
    __fpl_dretinf                            0x00007aa3   Thumb Code    12  dretinf.o(x$fpl$dretinf)
    __aeabi_cdrcmple                         0x00007aaf   Thumb Code     0  drleqf.o(x$fpl$drleqf)
    _drcmple                                 0x00007aaf   Thumb Code    98  drleqf.o(x$fpl$drleqf)
    __aeabi_drsub                            0x00007b11   Thumb Code     0  daddsub_clz.o(x$fpl$drsb)
    _drsb                                    0x00007b11   Thumb Code    74  daddsub_clz.o(x$fpl$drsb)
    __aeabi_dsub                             0x00007b61   Thumb Code     0  daddsub_clz.o(x$fpl$dsub)
    _dsub                                    0x00007b61   Thumb Code   664  daddsub_clz.o(x$fpl$dsub)
    __dunder                                 0x00007dfd   Thumb Code   314  dunder_clz.o(x$fpl$dunder)
    __dunder_d                               0x00007f37   Thumb Code    64  dunder_clz.o(x$fpl$dunder)
    __fpl_exception                          0x00007f79   Thumb Code   454  except.o(x$fpl$exception)
    __aeabi_f2d                              0x00008165   Thumb Code     0  f2d.o(x$fpl$f2d)
    _f2d                                     0x00008165   Thumb Code   122  f2d.o(x$fpl$f2d)
    __fpl_fnaninf                            0x000081df   Thumb Code   242  fnaninf.o(x$fpl$fnaninf)
    _fp_init                                 0x000082d1   Thumb Code    10  fpinit.o(x$fpl$fpinit)
    __fplib_config_fpu_vfp                   0x000082d9   Thumb Code     0  fpinit.o(x$fpl$fpinit)
    __fplib_config_pureend_doubles           0x000082d9   Thumb Code     0  fpinit.o(x$fpl$fpinit)
    __fpl_fretinf                            0x000082db   Thumb Code    10  fretinf.o(x$fpl$fretinf)
    __funder                                 0x000082e5   Thumb Code   254  funder_clz.o(x$fpl$funder)
    __funder_d                               0x000083e3   Thumb Code    62  funder_clz.o(x$fpl$funder)
    __fpl_return_NaN                         0x00008421   Thumb Code   178  retnan.o(x$fpl$retnan)
    _fp_trapveneer                           0x000084d3   Thumb Code    36  trapv.o(x$fpl$trapveneer)
    __fpl_cmpreturn                          0x000084f7   Thumb Code    90  trapv.o(x$fpl$trapveneer)
    __I$use$fp                               0x00008550   Number         0  usenofp.o(x$fpl$usenofp)
    g_sKentec320x240x16_SSD2119              0x00008550   Data          40  kentec320x240x16_ssd2119_8bit.o(.constdata)
    g_pi32TouchParameters                    0x00008578   Data          28  touch.o(.constdata)
    g_sFontCmss12                            0x000094c4   Data         200  fontcmss12.o(.constdata)
    g_sFontCmss22                            0x00009e54   Data         200  fontcmss22.o(.constdata)
    g_sFontCmss22b                           0x0000a83c   Data         200  fontcmss22b.o(.constdata)
    g_sFontCmss24b                           0x0000b334   Data         200  fontcmss24b.o(.constdata)
    g_psDefaultCodePointMapTable             0x0000b8dc   Data          16  context.o(.constdata)
    Region$$Table$$Base                      0x0000ba34   Number         0  anon$$obj.o(Region$$Table)
    Region$$Table$$Limit                     0x0000ba54   Number         0  anon$$obj.o(Region$$Table)
    estado                                   0x20000000   Data           1  main.o(.data)
    command                                  0x20000001   Data           1  main.o(.data)
    recognized                               0x20000002   Data           1  main.o(.data)
    sstate                                   0x20000003   Data           1  main.o(.data)
    COCO                                     0x20000004   Data           1  main.o(.data)
    READY                                    0x20000005   Data           1  main.o(.data)
    count                                    0x20000006   Data           2  main.o(.data)
    ui32SysClkFreq                           0x20000008   Data           4  main.o(.data)
    E1_Voltage                               0x2000000c   Data           4  main.o(.data)
    E2_Voltage                               0x20000010   Data           4  main.o(.data)
    mean                                     0x20000014   Data           4  main.o(.data)
    mean2                                    0x20000018   Data           4  main.o(.data)
    rms                                      0x2000001c   Data           4  main.o(.data)
    rms2                                     0x20000020   Data           4  main.o(.data)
    action                                   0x20000024   Data           1  main.o(.data)
    max                                      0x20000028   Data           4  main.o(.data)
    clas                                     0x2000002c   Data           4  main.o(.data)
    h                                        0x20000030   Data         116  main.o(.data)
    thumbp                                   0x200000a4   Data           4  main.o(.data)
    ttemp                                    0x200000a8   Data           4  main.o(.data)
    indexp                                   0x200000ac   Data           4  main.o(.data)
    itemp                                    0x200000b0   Data           4  main.o(.data)
    middlep                                  0x200000b4   Data           4  main.o(.data)
    mtemp                                    0x200000b8   Data           4  main.o(.data)
    ringp                                    0x200000bc   Data           4  main.o(.data)
    rtemp                                    0x200000c0   Data           4  main.o(.data)
    littlep                                  0x200000c4   Data           4  main.o(.data)
    ltemp                                    0x200000c8   Data           4  main.o(.data)
    g_sHeading                               0x200000cc   Data          64  main.o(.data)
    g_sMainMenu                              0x2000010c   Data          64  main.o(.data)
    g_sMachineLearningHeading                0x2000014c   Data          64  main.o(.data)
    g_sMachineLearningText                   0x2000018c   Data          64  main.o(.data)
    g_sMachineLearningText2                  0x200001cc   Data          64  main.o(.data)
    g_sMachineLearningText3                  0x2000020c   Data          64  main.o(.data)
    g_sMachineLearningText4                  0x2000024c   Data          64  main.o(.data)
    g_sMachineLearningText9                  0x2000028c   Data          64  main.o(.data)
    g_sMachineLearningText5                  0x200002cc   Data          64  main.o(.data)
    g_sMachineLearningText6                  0x2000030c   Data          64  main.o(.data)
    g_sMachineLearningText7                  0x2000034c   Data          64  main.o(.data)
    g_sMachineLearningText8                  0x2000038c   Data          64  main.o(.data)
    g_sMachineLearningText10                 0x200003cc   Data          64  main.o(.data)
    g_sMachineLearning                       0x2000040c   Data          64  main.o(.data)
    g_sSpeechRecognizedHeading               0x2000044c   Data          64  main.o(.data)
    g_sSpeechRecognizedText                  0x2000048c   Data          64  main.o(.data)
    g_sSpeechRecognized                      0x200004cc   Data          64  main.o(.data)
    g_sOnLineHeading                         0x2000050c   Data          64  main.o(.data)
    g_sOnLine                                0x2000054c   Data          64  main.o(.data)
    g_sPushBtn                               0x2000058c   Data          80  main.o(.data)
    g_sPushBtn2                              0x200005dc   Data          80  main.o(.data)
    g_sPushBtn3                              0x2000062c   Data          80  main.o(.data)
    g_sPushBtn4                              0x2000067c   Data          80  main.o(.data)
    g_sPushBtn5                              0x200006cc   Data          80  main.o(.data)
    g_sPushBtn6                              0x2000071c   Data          80  main.o(.data)
    g_sPushBtn7                              0x2000076c   Data          80  main.o(.data)
    g_sPushBtn8                              0x200007bc   Data          80  main.o(.data)
    g_sPushBtn9                              0x2000080c   Data          80  main.o(.data)
    g_sPushBtn10                             0x2000085c   Data          80  main.o(.data)
    g_sPushBtn11                             0x200008ac   Data          80  main.o(.data)
    g_sPushBtn12                             0x200008fc   Data          80  main.o(.data)
    g_sPushBtn13                             0x2000094c   Data          80  main.o(.data)
    g_sPushBtn14                             0x2000099c   Data          80  main.o(.data)
    g_sPushBtn15                             0x200009ec   Data          80  main.o(.data)
    g_sPushBtn16                             0x20000a3c   Data          80  main.o(.data)
    g_sPushBtn17                             0x20000a8c   Data          80  main.o(.data)
    WriteData                                0x20000adc   Data           4  kentec320x240x16_ssd2119_8bit.o(.data)
    WriteCommand                             0x20000ae0   Data           4  kentec320x240x16_ssd2119_8bit.o(.data)
    g_pi32ParmSet                            0x20000ae4   Data           4  touch.o(.data)
    g_i16TouchMin                            0x20000ae8   Data           2  touch.o(.data)
    g_i16TouchX                              0x20000af0   Data           2  touch.o(.data)
    g_i16TouchY                              0x20000af2   Data           2  touch.o(.data)
    rtInf                                    0x20000b00   Data           8  rt_nonfinite.o(.data)
    rtMinusInf                               0x20000b08   Data           8  rt_nonfinite.o(.data)
    rtNaN                                    0x20000b10   Data           8  rt_nonfinite.o(.data)
    rtInfF                                   0x20000b18   Data           4  rt_nonfinite.o(.data)
    rtMinusInfF                              0x20000b1c   Data           4  rt_nonfinite.o(.data)
    rtNaNF                                   0x20000b20   Data           4  rt_nonfinite.o(.data)
    g_sRoot                                  0x20000b34   Data          32  widget.o(.data)
    ulValue                                  0x20000b58   Data          12  main.o(.bss)
    samples25ms                              0x20000b64   Data         400  main.o(.bss)
    samples25ms2                             0x20000cf4   Data         400  main.o(.bss)
    abs_output25                             0x20000e84   Data         400  main.o(.bss)
    abs_output252                            0x20001014   Data         400  main.o(.bss)
    samples25fi                              0x200011a4   Data         512  main.o(.bss)
    samples25fi2                             0x200013a4   Data         512  main.o(.bss)
    samples                                  0x200015a4   Data        2000  main.o(.bss)
    samples2                                 0x20001d74   Data        2000  main.o(.bss)
    samples_minus_one                        0x20002544   Data        2000  main.o(.bss)
    samples_plus_one                         0x20002d14   Data        2000  main.o(.bss)
    abs_outputF32                            0x200034e4   Data        2000  main.o(.bss)
    difm_outputF32                           0x20003cb4   Data        2000  main.o(.bss)
    difp_outputF32                           0x20004484   Data        2000  main.o(.bss)
    abs_difm_outputF32                       0x20004c54   Data        2000  main.o(.bss)
    abs_difp_outputF32                       0x20005424   Data        2000  main.o(.bss)
    ones                                     0x20005bf4   Data        2000  main.o(.bss)
    String                                   0x200063c4   Data          16  main.o(.bss)
    feat1                                    0x20006434   Data          24  main.o(.bss)
    feat2                                    0x2000644c   Data          24  main.o(.bss)
    y                                        0x20006464   Data          20  main.o(.bss)
    x                                        0x20006478   Data          48  main.o(.bss)
    g_sContext                               0x200064a8   Data          44  main.o(.bss)
    __libspace_start                         0x20006644   Data          96  libspace.o(.bss)
    __temporary_stack_top$libspace           0x200066a4   Data           0  libspace.o(.bss)



==============================================================================

Memory Map of the image

  Image Entry point : 0x00000201

  Load Region LR_1 (Base: 0x00000000, Size: 0x0000c5ac, Max: 0xffffffff, ABSOLUTE, COMPRESSED[0x0000bce4])

    Execution Region ER_RO (Base: 0x00000000, Size: 0x0000ba54, Max: 0xffffffff, ABSOLUTE)

    Base Addr    Size         Type   Attr      Idx    E Section Name        Object

    0x00000000   0x0000021c   Code   RO          207  * RESET               startup_rvmdk.o
    0x0000021c   0x00000008   Code   RO         3073  * !!!main             c_w.l(__main.o)
    0x00000224   0x00000034   Code   RO         3333    !!!scatter          c_w.l(__scatter.o)
    0x00000258   0x0000005a   Code   RO         3331    !!dczerorl2         c_w.l(__dczerorl2.o)
    0x000002b2   0x00000002   PAD
    0x000002b4   0x0000001c   Code   RO         3335    !!handler_zi        c_w.l(__scatter_zi.o)
    0x000002d0   0x00000002   Code   RO         3204    .ARM.Collect$$libinit$$00000000  c_w.l(libinit.o)
    0x000002d2   0x00000004   Code   RO         3213    .ARM.Collect$$libinit$$00000001  c_w.l(libinit2.o)
    0x000002d6   0x00000000   Code   RO         3216    .ARM.Collect$$libinit$$00000004  c_w.l(libinit2.o)
    0x000002d6   0x00000000   Code   RO         3219    .ARM.Collect$$libinit$$0000000A  c_w.l(libinit2.o)
    0x000002d6   0x00000000   Code   RO         3221    .ARM.Collect$$libinit$$0000000C  c_w.l(libinit2.o)
    0x000002d6   0x00000000   Code   RO         3223    .ARM.Collect$$libinit$$0000000E  c_w.l(libinit2.o)
    0x000002d6   0x00000000   Code   RO         3226    .ARM.Collect$$libinit$$00000011  c_w.l(libinit2.o)
    0x000002d6   0x00000000   Code   RO         3228    .ARM.Collect$$libinit$$00000013  c_w.l(libinit2.o)
    0x000002d6   0x00000000   Code   RO         3230    .ARM.Collect$$libinit$$00000015  c_w.l(libinit2.o)
    0x000002d6   0x00000000   Code   RO         3232    .ARM.Collect$$libinit$$00000017  c_w.l(libinit2.o)
    0x000002d6   0x00000000   Code   RO         3234    .ARM.Collect$$libinit$$00000019  c_w.l(libinit2.o)
    0x000002d6   0x00000000   Code   RO         3236    .ARM.Collect$$libinit$$0000001B  c_w.l(libinit2.o)
    0x000002d6   0x00000000   Code   RO         3238    .ARM.Collect$$libinit$$0000001D  c_w.l(libinit2.o)
    0x000002d6   0x00000000   Code   RO         3240    .ARM.Collect$$libinit$$0000001F  c_w.l(libinit2.o)
    0x000002d6   0x00000000   Code   RO         3242    .ARM.Collect$$libinit$$00000021  c_w.l(libinit2.o)
    0x000002d6   0x00000000   Code   RO         3244    .ARM.Collect$$libinit$$00000023  c_w.l(libinit2.o)
    0x000002d6   0x00000000   Code   RO         3246    .ARM.Collect$$libinit$$00000025  c_w.l(libinit2.o)
    0x000002d6   0x00000000   Code   RO         3250    .ARM.Collect$$libinit$$0000002C  c_w.l(libinit2.o)
    0x000002d6   0x00000000   Code   RO         3252    .ARM.Collect$$libinit$$0000002E  c_w.l(libinit2.o)
    0x000002d6   0x00000000   Code   RO         3254    .ARM.Collect$$libinit$$00000030  c_w.l(libinit2.o)
    0x000002d6   0x00000000   Code   RO         3256    .ARM.Collect$$libinit$$00000032  c_w.l(libinit2.o)
    0x000002d6   0x00000002   Code   RO         3257    .ARM.Collect$$libinit$$00000033  c_w.l(libinit2.o)
    0x000002d8   0x00000002   Code   RO         3288    .ARM.Collect$$libshutdown$$00000000  c_w.l(libshutdown.o)
    0x000002da   0x00000000   Code   RO         3314    .ARM.Collect$$libshutdown$$00000002  c_w.l(libshutdown2.o)
    0x000002da   0x00000000   Code   RO         3316    .ARM.Collect$$libshutdown$$00000004  c_w.l(libshutdown2.o)
    0x000002da   0x00000000   Code   RO         3319    .ARM.Collect$$libshutdown$$00000007  c_w.l(libshutdown2.o)
    0x000002da   0x00000000   Code   RO         3322    .ARM.Collect$$libshutdown$$0000000A  c_w.l(libshutdown2.o)
    0x000002da   0x00000000   Code   RO         3324    .ARM.Collect$$libshutdown$$0000000C  c_w.l(libshutdown2.o)
    0x000002da   0x00000000   Code   RO         3327    .ARM.Collect$$libshutdown$$0000000F  c_w.l(libshutdown2.o)
    0x000002da   0x00000002   Code   RO         3328    .ARM.Collect$$libshutdown$$00000010  c_w.l(libshutdown2.o)
    0x000002dc   0x00000000   Code   RO         3095    .ARM.Collect$$rtentry$$00000000  c_w.l(__rtentry.o)
    0x000002dc   0x00000000   Code   RO         3161    .ARM.Collect$$rtentry$$00000002  c_w.l(__rtentry2.o)
    0x000002dc   0x00000006   Code   RO         3173    .ARM.Collect$$rtentry$$00000004  c_w.l(__rtentry4.o)
    0x000002e2   0x00000000   Code   RO         3163    .ARM.Collect$$rtentry$$00000009  c_w.l(__rtentry2.o)
    0x000002e2   0x00000004   Code   RO         3164    .ARM.Collect$$rtentry$$0000000A  c_w.l(__rtentry2.o)
    0x000002e6   0x00000000   Code   RO         3166    .ARM.Collect$$rtentry$$0000000C  c_w.l(__rtentry2.o)
    0x000002e6   0x00000008   Code   RO         3167    .ARM.Collect$$rtentry$$0000000D  c_w.l(__rtentry2.o)
    0x000002ee   0x00000002   Code   RO         3205    .ARM.Collect$$rtexit$$00000000  c_w.l(rtexit.o)
    0x000002f0   0x00000000   Code   RO         3261    .ARM.Collect$$rtexit$$00000002  c_w.l(rtexit2.o)
    0x000002f0   0x00000004   Code   RO         3262    .ARM.Collect$$rtexit$$00000003  c_w.l(rtexit2.o)
    0x000002f4   0x00000006   Code   RO         3263    .ARM.Collect$$rtexit$$00000004  c_w.l(rtexit2.o)
    0x000002fa   0x00000002   PAD
    0x000002fc   0x00000014   Code   RO          482    .emb_text           grlib.lib(widget.o)
    0x00000310   0x00000006   Code   RO         1544    .emb_text           driverlib.lib(sysctl.o)
    0x00000316   0x00000002   PAD
    0x00000318   0x00000026   Code   RO         2874    .emb_text           driverlib.lib(cpu.o)
    0x0000033e   0x00000002   PAD
    0x00000340   0x00001944   Code   RO            4    .text               main.o
    0x00001c84   0x00000914   Code   RO          156    .text               kentec320x240x16_ssd2119_8bit.o
    0x00002598   0x00000490   Code   RO          179    .text               touch.o
    0x00002a28   0x00000018   Code   RO          208    .text               startup_rvmdk.o
    0x00002a40   0x000008d8   Code   RO          213    .text               ustdlib.o
    0x00003318   0x00000374   Code   RO          232    .text               neuralnetworkfunction.o
    0x0000368c   0x00000100   Code   RO          297    .text               rt_nonfinite.o
    0x0000378c   0x00000144   Code   RO          321    .text               rtgetinf.o
    0x000038d0   0x000000d8   Code   RO          333    .text               rtgetnan.o
    0x000039a8   0x000000a4   Code   RO         2420    .text               arm_cortexM4lf_math.lib(arm_abs_f32.o)
    0x00003a4c   0x00000104   Code   RO         2472    .text               arm_cortexM4lf_math.lib(arm_dot_prod_f32.o)
    0x00003b50   0x000000d2   Code   RO         2496    .text               arm_cortexM4lf_math.lib(arm_sub_f32.o)
    0x00003c22   0x00000002   PAD
    0x00003c24   0x0000056e   Code   RO         2520    .text               arm_cortexM4lf_math.lib(arm_conv_f32.o)
    0x00004192   0x00000002   PAD
    0x00004194   0x000000d8   Code   RO         2544    .text               arm_cortexM4lf_math.lib(arm_max_f32.o)
    0x0000426c   0x000000ec   Code   RO         2568    .text               arm_cortexM4lf_math.lib(arm_rms_f32.o)
    0x00004358   0x00000124   Code   RO         2595    .text               arm_cortexM4lf_math.lib(arm_var_f32.o)
    0x0000447c   0x00000094   Code   RO         2619    .text               arm_cortexM4lf_math.lib(arm_fill_f32.o)
    0x00004510   0x0000003e   Code   RO         3067    .text               c_w.l(strlen.o)
    0x0000454e   0x00000064   Code   RO         3069    .text               c_w.l(rt_memcpy_w.o)
    0x000045b2   0x00000006   Code   RO         3071    .text               c_w.l(heapauxi.o)
    0x000045b8   0x00000016   Code   RO         3096    .text               c_w.l(_rserrno.o)
    0x000045ce   0x00000002   PAD
    0x000045d0   0x00000008   Code   RO         3178    .text               c_w.l(rt_errno_addr_intlibspace.o)
    0x000045d8   0x00000030   Code   RO         3180    .text               c_w.l(_fptrap.o)
    0x00004608   0x00000008   Code   RO         3188    .text               c_w.l(libspace.o)
    0x00004610   0x0000004a   Code   RO         3191    .text               c_w.l(sys_stackheap_outer.o)
    0x0000465a   0x00000012   Code   RO         3193    .text               c_w.l(exit.o)
    0x0000466c   0x0000000e   Code   RO         3195    .text               c_w.l(defsig_fpe_outer.o)
    0x0000467a   0x0000000a   Code   RO         3209    .text               c_w.l(defsig_exit.o)
    0x00004684   0x000000ac   Code   RO         3211    .text               c_w.l(defsig_fpe_inner.o)
    0x00004730   0x0000000c   Code   RO         3258    .text               c_w.l(sys_exit.o)
    0x0000473c   0x00000032   Code   RO         3269    .text               c_w.l(defsig_general.o)
    0x0000476e   0x0000000e   Code   RO         3275    .text               c_w.l(sys_wrch.o)
    0x0000477c   0x00000002   Code   RO         3277    .text               c_w.l(use_no_semi.o)
    0x0000477e   0x00000000   Code   RO         3279    .text               c_w.l(indicate_semi.o)
    0x0000477e   0x0000000e   Code   RO          568    i.ADCHardwareOversampleConfigure  driverlib.lib(adc.o)
    0x0000478c   0x0000000a   Code   RO          569    i.ADCIntClear       driverlib.lib(adc.o)
    0x00004796   0x00000010   Code   RO          573    i.ADCIntEnable      driverlib.lib(adc.o)
    0x000047a6   0x00000034   Code   RO          576    i.ADCIntStatus      driverlib.lib(adc.o)
    0x000047da   0x0000001a   Code   RO          581    i.ADCProcessorTrigger  driverlib.lib(adc.o)
    0x000047f4   0x0000004e   Code   RO          584    i.ADCSequenceConfigure  driverlib.lib(adc.o)
    0x00004842   0x00000024   Code   RO          587    i.ADCSequenceDataGet  driverlib.lib(adc.o)
    0x00004866   0x00000010   Code   RO          588    i.ADCSequenceDisable  driverlib.lib(adc.o)
    0x00004876   0x0000000e   Code   RO          589    i.ADCSequenceEnable  driverlib.lib(adc.o)
    0x00004884   0x0000009a   Code   RO          592    i.ADCSequenceStepConfigure  driverlib.lib(adc.o)
    0x0000491e   0x000001c0   Code   RO          346    i.CanvasMsgProc     grlib.lib(canvas.o)
    0x00004ade   0x00000002   PAD
    0x00004ae0   0x00000010   Code   RO          831    i.FPUEnable         driverlib.lib(fpu.o)
    0x00004af0   0x00000010   Code   RO          834    i.FPULazyStackingEnable  driverlib.lib(fpu.o)
    0x00004b00   0x00000028   Code   RO          901    i.GPIODirModeSet    driverlib.lib(gpio.o)
    0x00004b28   0x00000006   Code   RO          902    i.GPIOIntClear      driverlib.lib(gpio.o)
    0x00004b2e   0x0000000e   Code   RO          904    i.GPIOIntEnable     driverlib.lib(gpio.o)
    0x00004b3c   0x0000000e   Code   RO          906    i.GPIOIntStatus     driverlib.lib(gpio.o)
    0x00004b4a   0x00000050   Code   RO          908    i.GPIOIntTypeSet    driverlib.lib(gpio.o)
    0x00004b9a   0x0000013a   Code   RO          911    i.GPIOPadConfigSet  driverlib.lib(gpio.o)
    0x00004cd4   0x00000048   Code   RO          912    i.GPIOPinConfigure  driverlib.lib(gpio.o)
    0x00004d1c   0x00000006   Code   RO          913    i.GPIOPinRead       driverlib.lib(gpio.o)
    0x00004d22   0x0000001c   Code   RO          921    i.GPIOPinTypeGPIOInput  driverlib.lib(gpio.o)
    0x00004d3e   0x0000001c   Code   RO          922    i.GPIOPinTypeGPIOOutput  driverlib.lib(gpio.o)
    0x00004d5a   0x0000001c   Code   RO          933    i.GPIOPinTypePWM    driverlib.lib(gpio.o)
    0x00004d76   0x0000001c   Code   RO          937    i.GPIOPinTypeUART   driverlib.lib(gpio.o)
    0x00004d92   0x00000006   Code   RO          943    i.GPIOPinWrite      driverlib.lib(gpio.o)
    0x00004d98   0x00000070   Code   RO         2658    i.GrContextClipRegionSet  grlib.lib(context.o)
    0x00004e08   0x00000006   Code   RO         2750    i.GrContextFontSet  grlib.lib(string.o)
    0x00004e0e   0x00000002   PAD
    0x00004e10   0x00000064   Code   RO         2659    i.GrContextInit     grlib.lib(context.o)
    0x00004e74   0x00000118   Code   RO         2751    i.GrDefaultStringRenderer  grlib.lib(string.o)
    0x00004f8c   0x0000002c   Code   RO         2752    i.GrFontBaselineGet  grlib.lib(string.o)
    0x00004fb8   0x000000a6   Code   RO         2755    i.GrFontGlyphDataGet  grlib.lib(string.o)
    0x0000505e   0x00000286   Code   RO         2756    i.GrFontGlyphRender  grlib.lib(string.o)
    0x000052e4   0x0000002c   Code   RO         2757    i.GrFontHeightGet   grlib.lib(string.o)
    0x00005310   0x00000018   Code   RO         2686    i.GrImageDraw       grlib.lib(image.o)
    0x00005328   0x0000004c   Code   RO         3043    i.GrLineDrawH       grlib.lib(line.o)
    0x00005374   0x0000004c   Code   RO         3044    i.GrLineDrawV       grlib.lib(line.o)
    0x000053c0   0x00000008   Code   RO         2890    i.GrMapISO8859_1_Unicode  grlib.lib(charmap.o)
    0x000053c8   0x0000006c   Code   RO         2719    i.GrRectDraw        grlib.lib(rectangle.o)
    0x00005434   0x000000b4   Code   RO         2720    i.GrRectFill        grlib.lib(rectangle.o)
    0x000054e8   0x00000020   Code   RO         2762    i.GrStringDraw      grlib.lib(string.o)
    0x00005508   0x000000c0   Code   RO         2767    i.GrStringWidthGet  grlib.lib(string.o)
    0x000055c8   0x00000064   Code   RO         1199    i.IntEnable         driverlib.lib(interrupt.o)
    0x0000562c   0x0000000e   Code   RO         1202    i.IntMasterEnable   driverlib.lib(interrupt.o)
    0x0000563a   0x00000002   PAD
    0x0000563c   0x00000384   Code   RO         2688    i.InternalImageDraw  grlib.lib(image.o)
    0x000059c0   0x00000016   Code   RO         1312    i.PWMClockSet       driverlib.lib(pwm.o)
    0x000059d6   0x00000026   Code   RO         1319    i.PWMGenConfigure   driverlib.lib(pwm.o)
    0x000059fc   0x0000000a   Code   RO         1321    i.PWMGenEnable      driverlib.lib(pwm.o)
    0x00005a06   0x00000012   Code   RO         1334    i.PWMGenPeriodSet   driverlib.lib(pwm.o)
    0x00005a18   0x00000010   Code   RO         1341    i.PWMOutputState    driverlib.lib(pwm.o)
    0x00005a28   0x00000020   Code   RO         1344    i.PWMPulseWidthSet  driverlib.lib(pwm.o)
    0x00005a48   0x00000296   Code   RO         2689    i.PixelTransparentDraw  grlib.lib(image.o)
    0x00005cde   0x00000132   Code   RO          443    i.RectangularButtonMsgProc  grlib.lib(pushbutton.o)
    0x00005e10   0x000001a2   Code   RO          444    i.RectangularButtonPaint  grlib.lib(pushbutton.o)
    0x00005fb2   0x00000002   PAD
    0x00005fb4   0x000002c8   Code   RO         1546    i.SysCtlClockFreqSet  driverlib.lib(sysctl.o)
    0x0000627c   0x00000018   Code   RO         1557    i.SysCtlGPIOAHBEnable  driverlib.lib(sysctl.o)
    0x00006294   0x00000028   Code   RO         1578    i.SysCtlPeripheralEnable  driverlib.lib(sysctl.o)
    0x000062bc   0x00000060   Code   RO         1890    i.TimerConfigure    driverlib.lib(timer.o)
    0x0000631c   0x0000004c   Code   RO         1894    i.TimerControlTrigger  driverlib.lib(timer.o)
    0x00006368   0x0000000e   Code   RO         1899    i.TimerEnable       driverlib.lib(timer.o)
    0x00006376   0x00000004   Code   RO         1900    i.TimerIntClear     driverlib.lib(timer.o)
    0x0000637a   0x00000008   Code   RO         1902    i.TimerIntEnable    driverlib.lib(timer.o)
    0x00006382   0x00000012   Code   RO         1908    i.TimerLoadSet      driverlib.lib(timer.o)
    0x00006394   0x00000010   Code   RO         2135    i.UARTCharGetNonBlocking  driverlib.lib(uart.o)
    0x000063a4   0x0000000c   Code   RO         2136    i.UARTCharPut       driverlib.lib(uart.o)
    0x000063b0   0x0000000a   Code   RO         2138    i.UARTCharsAvail    driverlib.lib(uart.o)
    0x000063ba   0x0000006e   Code   RO         2142    i.UARTConfigSetExpClk  driverlib.lib(uart.o)
    0x00006428   0x00000004   Code   RO         2155    i.UARTIntClear      driverlib.lib(uart.o)
    0x0000642c   0x00000008   Code   RO         2157    i.UARTIntEnable     driverlib.lib(uart.o)
    0x00006434   0x0000000a   Code   RO         2159    i.UARTIntStatus     driverlib.lib(uart.o)
    0x0000643e   0x0000006c   Code   RO         2768    i.UpdateContextCharMapping  grlib.lib(string.o)
    0x000064aa   0x00000026   Code   RO          483    i.WidgetAdd         grlib.lib(widget.o)
    0x000064d0   0x00000004   Code   RO          484    i.WidgetDefaultMsgProc  grlib.lib(widget.o)
    0x000064d4   0x000000dc   Code   RO          485    i.WidgetMessageQueueAdd  grlib.lib(widget.o)
    0x000065b0   0x000000b0   Code   RO          486    i.WidgetMessageQueueProcess  grlib.lib(widget.o)
    0x00006660   0x000000d8   Code   RO          487    i.WidgetMessageSendPostOrder  grlib.lib(widget.o)
    0x00006738   0x00000020   Code   RO          491    i.WidgetPointerMessage  grlib.lib(widget.o)
    0x00006758   0x0000009c   Code   RO          492    i.WidgetRemove      grlib.lib(widget.o)
    0x000067f4   0x00000030   Code   RO         3155    i.__ARM_fpclassify  m_wm.l(fpclassify.o)
    0x00006824   0x00000004   PAD
    0x00006828   0x00000358   Code   RO         3081    i.__hardfp_exp      m_wm.l(exp.o)
    0x00006b80   0x000000f8   Code   RO         3157    i.__kernel_poly     m_wm.l(poly.o)
    0x00006c78   0x00000014   Code   RO         3142    i.__mathlib_dbl_infnan  m_wm.l(dunder.o)
    0x00006c8c   0x00000004   PAD
    0x00006c90   0x00000020   Code   RO         3145    i.__mathlib_dbl_overflow  m_wm.l(dunder.o)
    0x00006cb0   0x00000020   Code   RO         3147    i.__mathlib_dbl_underflow  m_wm.l(dunder.o)
    0x00006cd0   0x000002c4   Code   RO         3075    x$fpl$d2f           g_wm.l(d2f_clz.o)
    0x00006f94   0x0000024c   Code   RO         3098    x$fpl$dadd          g_wm.l(daddsub_clz.o)
    0x000071e0   0x00000018   Code   RO         3104    x$fpl$dcmpinf       g_wm.l(dcmpi.o)
    0x000071f8   0x0000037c   Code   RO         3107    x$fpl$ddiv          g_wm.l(ddiv_clz.o)
    0x00007574   0x00000074   Code   RO         3077    x$fpl$deqf          g_wm.l(deqf.o)
    0x000075e8   0x000000c8   Code   RO         3110    x$fpl$dfix          g_wm.l(dfix.o)
    0x000076b0   0x0000002e   Code   RO         3115    x$fpl$dflt          g_wm.l(dflt_clz.o)
    0x000076de   0x0000001a   Code   RO         3116    x$fpl$dfltn         g_wm.l(dflt_clz.o)
    0x000076f8   0x00000078   Code   RO         3120    x$fpl$dleqf         g_wm.l(dleqf.o)
    0x00007770   0x000001c0   Code   RO         3122    x$fpl$dmul          g_wm.l(dmul_clz.o)
    0x00007930   0x00000102   Code   RO         3124    x$fpl$dnaninf       g_wm.l(dnaninf.o)
    0x00007a32   0x00000070   Code   RO         3182    x$fpl$drenorm       g_wm.l(drenorm_clz.o)
    0x00007aa2   0x0000000c   Code   RO         3126    x$fpl$dretinf       g_wm.l(dretinf.o)
    0x00007aae   0x00000062   Code   RO         3128    x$fpl$drleqf        g_wm.l(drleqf.o)
    0x00007b10   0x00000050   Code   RO         3099    x$fpl$drsb          g_wm.l(daddsub_clz.o)
    0x00007b60   0x0000029c   Code   RO         3100    x$fpl$dsub          g_wm.l(daddsub_clz.o)
    0x00007dfc   0x0000017a   Code   RO         3184    x$fpl$dunder        g_wm.l(dunder_clz.o)
    0x00007f76   0x00000002   PAD
    0x00007f78   0x000001ec   Code   RO         3130    x$fpl$exception     g_wm.l(except.o)
    0x00008164   0x0000007a   Code   RO         3079    x$fpl$f2d           g_wm.l(f2d.o)
    0x000081de   0x000000f2   Code   RO         3132    x$fpl$fnaninf       g_wm.l(fnaninf.o)
    0x000082d0   0x0000000a   Code   RO         3273    x$fpl$fpinit        g_wm.l(fpinit.o)
    0x000082da   0x0000000a   Code   RO         3134    x$fpl$fretinf       g_wm.l(fretinf.o)
    0x000082e4   0x0000013c   Code   RO         3136    x$fpl$funder        g_wm.l(funder_clz.o)
    0x00008420   0x000000b2   Code   RO         3186    x$fpl$retnan        g_wm.l(retnan.o)
    0x000084d2   0x0000007e   Code   RO         3138    x$fpl$trapveneer    g_wm.l(trapv.o)
    0x00008550   0x00000000   Code   RO         3140    x$fpl$usenofp       g_wm.l(usenofp.o)
    0x00008550   0x00000028   Data   RO          157    .constdata          kentec320x240x16_ssd2119_8bit.o
    0x00008578   0x0000001c   Data   RO          181    .constdata          touch.o
    0x00008594   0x0000004c   Data   RO          214    .constdata          ustdlib.o
    0x000085e0   0x000009d0   Data   RO          233    .constdata          neuralnetworkfunction.o
    0x00008fb0   0x00000514   Data   RO          383    .constdata          grlib.lib(fontcmss12.o)
    0x000094c4   0x000000c8   Data   RO          384    .constdata          grlib.lib(fontcmss12.o)
    0x0000958c   0x000008c8   Data   RO          397    .constdata          grlib.lib(fontcmss22.o)
    0x00009e54   0x000000c8   Data   RO          398    .constdata          grlib.lib(fontcmss22.o)
    0x00009f1c   0x0000091e   Data   RO          411    .constdata          grlib.lib(fontcmss22b.o)
    0x0000a83a   0x00000002   PAD
    0x0000a83c   0x000000c8   Data   RO          412    .constdata          grlib.lib(fontcmss22b.o)
    0x0000a904   0x00000a2f   Data   RO          425    .constdata          grlib.lib(fontcmss24b.o)
    0x0000b333   0x00000001   PAD
    0x0000b334   0x000000c8   Data   RO          426    .constdata          grlib.lib(fontcmss24b.o)
    0x0000b3fc   0x00000210   Data   RO          944    .constdata          driverlib.lib(gpio.o)
    0x0000b60c   0x0000010c   Data   RO         1215    .constdata          driverlib.lib(interrupt.o)
    0x0000b718   0x000001c4   Data   RO         1599    .constdata          driverlib.lib(sysctl.o)
    0x0000b8dc   0x00000010   Data   RO         2661    .constdata          grlib.lib(context.o)
    0x0000b8ec   0x00000004   PAD
    0x0000b8f0   0x00000058   Data   RO         3084    .constdata          m_wm.l(exp.o)
    0x0000b948   0x000000d6   Data   RO            6    .conststring        main.o
    0x0000ba1e   0x00000002   PAD
    0x0000ba20   0x00000011   Data   RO          215    .conststring        ustdlib.o
    0x0000ba31   0x00000003   PAD
    0x0000ba34   0x00000020   Data   RO         3329    Region$$Table       anon$$obj.o


    Execution Region ER_RW (Base: 0x20000000, Size: 0x00000b58, Max: 0xffffffff, ABSOLUTE, COMPRESSED[0x00000290])

    Base Addr    Size         Type   Attr      Idx    E Section Name        Object

    0x20000000   0x00000adc   Data   RW            7    .data               main.o
    0x20000adc   0x00000008   Data   RW          158    .data               kentec320x240x16_ssd2119_8bit.o
    0x20000ae4   0x00000016   Data   RW          182    .data               touch.o
    0x20000afa   0x00000002   PAD
    0x20000afc   0x00000004   Data   RW          216    .data               ustdlib.o
    0x20000b00   0x00000024   Data   RW          298    .data               rt_nonfinite.o
    0x20000b24   0x00000030   Data   RW          494    .data               grlib.lib(widget.o)
    0x20000b54   0x00000004   Data   RW         2662    .data               grlib.lib(context.o)


    Execution Region ER_ZI (Base: 0x20000b58, Size: 0x00005f50, Max: 0xffffffff, ABSOLUTE)

    Base Addr    Size         Type   Attr      Idx    E Section Name        Object

    0x20000b58   0x0000597c   Zero   RW            5    .bss                main.o
    0x200064d4   0x00000010   Zero   RW          180    .bss                touch.o
    0x200064e4   0x00000140   Zero   RW          493    .bss                grlib.lib(widget.o)
    0x20006624   0x00000020   Zero   RW         2690    .bss                grlib.lib(image.o)
    0x20006644   0x00000060   Zero   RW         3189    .bss                c_w.l(libspace.o)
    0x200066a4   0x00000004   PAD
    0x200066a8   0x00000000   Zero   RW          206    HEAP                startup_rvmdk.o
    0x200066a8   0x00000400   Zero   RW          205    STACK               startup_rvmdk.o


==============================================================================

Image component sizes


      Code (inc. data)   RO Data    RW Data    ZI Data      Debug   Object Name

      2324         58         40          8          0       9731   kentec320x240x16_ssd2119_8bit.o
      6468        940        214       2780      22908      75729   main.o
       884         30       2512          0          0       4675   neuralnetworkfunction.o
       256         26          0         36          0       1988   rt_nonfinite.o
       324         22          0          0          0       1906   rtgetinf.o
       216         18          0          0          0       1301   rtgetnan.o
       564        528          0          0       1024        628   startup_rvmdk.o
      1168        112         28         22         16       3467   touch.o
      2264         44         93          4          0       8272   ustdlib.o

    ----------------------------------------------------------------------
     14468       1778       2924       2852      23948     107697   Object Totals
         0          0         32          0          0          0   (incl. Generated)
         0          0          5          2          0          0   (incl. Padding)

    ----------------------------------------------------------------------

      Code (inc. data)   RO Data    RW Data    ZI Data      Debug   Library Member Name

       164          0          0          0          0      17298   arm_abs_f32.o
      1390          6          0          0          0       3611   arm_conv_f32.o
       260          4          0          0          0       1163   arm_dot_prod_f32.o
       148          0          0          0          0       1191   arm_fill_f32.o
       216          0          0          0          0       1654   arm_max_f32.o
       236          4          0          0          0      14502   arm_rms_f32.o
       210          0          0          0          0       1102   arm_sub_f32.o
       292          6          0          0          0       1286   arm_var_f32.o
        90          0          0          0          0          0   __dczerorl2.o
         8          0          0          0          0         68   __main.o
         0          0          0          0          0          0   __rtentry.o
        12          0          0          0          0          0   __rtentry2.o
         6          0          0          0          0          0   __rtentry4.o
        52          8          0          0          0          0   __scatter.o
        28          0          0          0          0          0   __scatter_zi.o
        48          4          0          0          0         84   _fptrap.o
        22          0          0          0          0        100   _rserrno.o
        10          0          0          0          0         68   defsig_exit.o
       172        110          0          0          0         76   defsig_fpe_inner.o
        14          0          0          0          0         80   defsig_fpe_outer.o
        50          0          0          0          0         88   defsig_general.o
        18          0          0          0          0         80   exit.o
         6          0          0          0          0        152   heapauxi.o
         0          0          0          0          0          0   indicate_semi.o
         2          0          0          0          0          0   libinit.o
         6          0          0          0          0          0   libinit2.o
         2          0          0          0          0          0   libshutdown.o
         2          0          0          0          0          0   libshutdown2.o
         8          4          0          0         96         68   libspace.o
         8          4          0          0          0         68   rt_errno_addr_intlibspace.o
       100          0          0          0          0         80   rt_memcpy_w.o
         2          0          0          0          0          0   rtexit.o
        10          0          0          0          0          0   rtexit2.o
        62          0          0          0          0         76   strlen.o
        12          4          0          0          0         68   sys_exit.o
        74          0          0          0          0         80   sys_stackheap_outer.o
        14          0          0          0          0         76   sys_wrch.o
         2          0          0          0          0         68   use_no_semi.o
       416          0          0          0          0       5903   adc.o
        38          0          0          0          0        504   cpu.o
        32          8          0          0          0        780   fpu.o
       664          8        528          0          0       7298   gpio.o
       114          8        268          0          0       1774   interrupt.o
       136          0          0          0          0       2737   pwm.o
       782         48        452          0          0       4392   sysctl.o
       216         16          0          0          0       2789   timer.o
       170          0          0          0          0       4070   uart.o
       708         16          0          0          0        140   d2f_clz.o
      1336         32          0          0          0        532   daddsub_clz.o
        24          0          0          0          0        116   dcmpi.o
       892        152          0          0          0        292   ddiv_clz.o
       116          8          0          0          0        140   deqf.o
       200         16          0          0          0        184   dfix.o
        72          0          0          0          0        232   dflt_clz.o
       120          8          0          0          0        140   dleqf.o
       448         16          0          0          0        164   dmul_clz.o
       258          4          0          0          0        156   dnaninf.o
       112          0          0          0          0        160   drenorm_clz.o
        12          0          0          0          0        116   dretinf.o
        98          0          0          0          0        128   drleqf.o
       378          0          0          0          0        168   dunder_clz.o
       492         36          0          0          0        148   except.o
       122          8          0          0          0        132   f2d.o
       242          4          0          0          0        144   fnaninf.o
        10          0          0          0          0        116   fpinit.o
        10          0          0          0          0        116   fretinf.o
       316          0          0          0          0        132   funder_clz.o
       178          0          0          0          0        116   retnan.o
       126          0          0          0          0        148   trapv.o
         0          0          0          0          0          0   usenofp.o
       448          0          0          0          0      34618   canvas.o
         8          0          0          0          0       1278   charmap.o
       212         12         16          4          0       1728   context.o
         0          0       1500          0          0      25446   fontcmss12.o
         0          0       2448          0          0      25446   fontcmss22.o
         0          0       2534          0          0      25450   fontcmss22b.o
         0          0       2807          0          0      25450   fontcmss24b.o
      1586          4          0          0         32       4782   image.o
       152          0          0          0          0       1746   line.o
       724          0          0          0          0       8687   pushbutton.o
       288          0          0          0          0       1839   rectangle.o
      1518          0          0          0          0       9296   string.o
       862         36          0         48        320       7335   widget.o
        84         16          0          0          0        372   dunder.o
       856        142         88          0          0        288   exp.o
        48          0          0          0          0        124   fpclassify.o
       248          0          0          0          0        152   poly.o

    ----------------------------------------------------------------------
     19660        752      10648         52        452     251191   Library Totals
        32          0          7          0          4          0   (incl. Padding)

    ----------------------------------------------------------------------

      Code (inc. data)   RO Data    RW Data    ZI Data      Debug   Library Name

      2916         20          0          0          0      41807   arm_cortexM4lf_math.lib
       840        134          0          0         96       1380   c_w.l
      2568         88       1248          0          0      30247   driverlib.lib
      6270        300          0          0          0       3720   g_wm.l
      5798         52       9305         52        352     173101   grlib.lib
      1236        158         88          0          0        936   m_wm.l

    ----------------------------------------------------------------------
     19660        752      10648         52        452     251191   Library Totals

    ----------------------------------------------------------------------

==============================================================================


      Code (inc. data)   RO Data    RW Data    ZI Data      Debug   

     34128       2530      13572       2904      24400     346012   Grand Totals
     34128       2530      13572        656      24400     346012   ELF Image Totals (compressed)
     34128       2530      13572        656          0          0   ROM Totals

==============================================================================

    Total RO  Size (Code + RO Data)                47700 (  46.58kB)
    Total RW  Size (RW Data + ZI Data)             27304 (  26.66kB)
    Total ROM Size (Code + RO Data + RW Data)      48356 (  47.22kB)

==============================================================================

