<html>
<body>
<pre>
<h1>µVision Build Log</h1>
<h2>Tool Versions:</h2>
IDE-Version: µVision V5.17.0.0
Copyright (C) 2015 ARM Ltd and ARM Germany GmbH. All rights reserved.
License Information: Julio Fajardo, Universidad Galileo, LIC=X1ETK-IIQ2Q-5EGN9-M9GHC-UGX93-RT7MU
 
Tool Versions:
Toolchain:       MDK-ARM Professional  Version: 5.17
Toolchain Path:  C:\Keil_v5\ARM\ARMCC\Bin
C Compiler:      Armcc.exe V5.06 update 1 (build 61)
Assembler:       Armasm.exe V5.06 update 1 (build 61)
Linker/Locator:  ArmLink.exe V5.06 update 1 (build 61)
Library Manager: ArmAr.exe V5.06 update 1 (build 61)
Hex Converter:   FromElf.exe V5.06 update 1 (build 61)
CPU DLL:         SARMCM3.DLL V5.17
Dialog DLL:      DCM.DLL V1.13.4.0
Target DLL:      lmidk-agdi.dll V???
Dialog DLL:      TCM.DLL V1.14.6.0
 
<h2>Project:</h2>
C:\ti\TivaWare_C_Series-2.1.0.12573\examples\boards\my_tiva\TouchScreen\TouchScreen.uvprojx
Project File Date:  02/16/2016

<h2>Output:</h2>
*** Using Compiler 'V5.06 update 1 (build 61)', folder: 'C:\Keil_v5\ARM\ARMCC\Bin'
Build target 'BGH_TouchScreen'
compiling touch.c...
compiling Kentec320x240x16_ssd2119_8bit.c...
assembling startup_rvmdk.S...
compiling main.c...
compiling NeuralNetworkFunction_initialize.c...
compiling ustdlib.c...
compiling NeuralNetworkFunction.c...
compiling NeuralNetworkFunction_terminate.c...
compiling rt_nonfinite.c...
compiling rtGetInf.c...
compiling rtGetNaN.c...
linking...
Program Size: Code=34128 RO-data=13572 RW-data=2904 ZI-data=24400  
FromELF: creating hex file...
".\Objects\TouchScreen.axf" - 0 Error(s), 0 Warning(s).

<h2>Software Packages used:</h2>

Package Vendor: ARM
                http://www.keil.com/pack/ARM.CMSIS.4.5.0.pack
                ARM::CMSIS:DSP:1.4.6
                CMSIS (Cortex Microcontroller Software Interface Standard)
   * Component: DSP Version: 1.4.6
   * Component: CORE Version: 4.3.0

<h2>Collection of Component include folders:</h2>
  C:\ti\TivaWare_C_Series-2.1.0.12573\examples\boards\my_tiva\TouchScreen\RTE
  C:\Keil_v5\ARM\PACK\ARM\CMSIS\4.5.0\CMSIS\Include
  C:\Keil_v5\ARM\PACK\Keil\TM4C_DFP\1.1.0\Device\Include\TM4C129

<h2>Collection of Component Files used:</h2>

   * Component: ARM::CMSIS:DSP:1.4.6
      Include file:  CMSIS\Include\arm_math.h
      Library file:  CMSIS\Lib\ARM\arm_cortexM4lf_math.lib

   * Component: ARM::CMSIS:CORE:4.3.0
Build Time Elapsed:  00:00:06
</pre>
</body>
</html>
